Archive member included to satisfy reference by file (symbol)

app/libapp.a(main.c.obj)      (--whole-archive)
zephyr/libzephyr.a(cbprintf_packaged.c.obj)
                              (--whole-archive)
zephyr/libzephyr.a(dec.c.obj)
                              (--whole-archive)
zephyr/libzephyr.a(fdtable.c.obj)
                              (--whole-archive)
zephyr/libzephyr.a(hex.c.obj)
                              (--whole-archive)
zephyr/libzephyr.a(printk.c.obj)
                              (--whole-archive)
zephyr/libzephyr.a(rb.c.obj)  (--whole-archive)
zephyr/libzephyr.a(sem.c.obj)
                              (--whole-archive)
zephyr/libzephyr.a(thread_entry.c.obj)
                              (--whole-archive)
zephyr/libzephyr.a(timeutil.c.obj)
                              (--whole-archive)
zephyr/libzephyr.a(heap.c.obj)
                              (--whole-archive)
zephyr/libzephyr.a(heap-validate.c.obj)
                              (--whole-archive)
zephyr/libzephyr.a(bitarray.c.obj)
                              (--whole-archive)
zephyr/libzephyr.a(multi_heap.c.obj)
                              (--whole-archive)
zephyr/libzephyr.a(onoff.c.obj)
                              (--whole-archive)
zephyr/libzephyr.a(notify.c.obj)
                              (--whole-archive)
zephyr/libzephyr.a(crc32c_sw.c.obj)
                              (--whole-archive)
zephyr/libzephyr.a(crc32_sw.c.obj)
                              (--whole-archive)
zephyr/libzephyr.a(crc16_sw.c.obj)
                              (--whole-archive)
zephyr/libzephyr.a(crc8_sw.c.obj)
                              (--whole-archive)
zephyr/libzephyr.a(crc7_sw.c.obj)
                              (--whole-archive)
zephyr/libzephyr.a(cbprintf_complete.c.obj)
                              (--whole-archive)
zephyr/libzephyr.a(cbprintf.c.obj)
                              (--whole-archive)
zephyr/libzephyr.a(assert.c.obj)
                              (--whole-archive)
zephyr/libzephyr.a(reboot.c.obj)
                              (--whole-archive)
zephyr/libzephyr.a(configs.c.obj)
                              (--whole-archive)
zephyr/libzephyr.a(soc.c.obj)
                              (--whole-archive)
zephyr/libzephyr.a(soc_nrf_common.S.obj)
                              (--whole-archive)
zephyr/libzephyr.a(validate_base_addresses.c.obj)
                              (--whole-archive)
zephyr/libzephyr.a(validate_enabled_instances.c.obj)
                              (--whole-archive)
zephyr/libzephyr.a(ipc_service.c.obj)
                              (--whole-archive)
zephyr/libzephyr.a(ipc_rpmsg_static_vrings.c.obj)
                              (--whole-archive)
zephyr/libzephyr.a(ipc_rpmsg.c.obj)
                              (--whole-archive)
zephyr/libzephyr.a(ipc_static_vrings.c.obj)
                              (--whole-archive)
zephyr/libzephyr.a(tracing_none.c.obj)
                              (--whole-archive)
zephyr/libzephyr.a(flash_map_partition_manager.c.obj)
                              (--whole-archive)
zephyr/arch/common/libarch__common.a(sw_isr_common.c.obj)
                              (--whole-archive)
zephyr/arch/arch/arm/core/aarch32/libarch__arm__core__aarch32.a(cpu_idle.S.obj)
                              (--whole-archive)
zephyr/arch/arch/arm/core/aarch32/libarch__arm__core__aarch32.a(fatal.c.obj)
                              (--whole-archive)
zephyr/arch/arch/arm/core/aarch32/libarch__arm__core__aarch32.a(irq_manage.c.obj)
                              (--whole-archive)
zephyr/arch/arch/arm/core/aarch32/libarch__arm__core__aarch32.a(nmi.c.obj)
                              (--whole-archive)
zephyr/arch/arch/arm/core/aarch32/libarch__arm__core__aarch32.a(nmi_on_reset.S.obj)
                              (--whole-archive)
zephyr/arch/arch/arm/core/aarch32/libarch__arm__core__aarch32.a(prep_c.c.obj)
                              (--whole-archive)
zephyr/arch/arch/arm/core/aarch32/libarch__arm__core__aarch32.a(swap.c.obj)
                              (--whole-archive)
zephyr/arch/arch/arm/core/aarch32/libarch__arm__core__aarch32.a(swap_helper.S.obj)
                              (--whole-archive)
zephyr/arch/arch/arm/core/aarch32/libarch__arm__core__aarch32.a(thread.c.obj)
                              (--whole-archive)
zephyr/arch/arch/arm/core/aarch32/libarch__arm__core__aarch32.a(isr_wrapper.S.obj)
                              (--whole-archive)
zephyr/arch/arch/arm/core/aarch32/cortex_m/libarch__arm__core__aarch32__cortex_m.a(exc_exit.S.obj)
                              (--whole-archive)
zephyr/arch/arch/arm/core/aarch32/cortex_m/libarch__arm__core__aarch32__cortex_m.a(fault.c.obj)
                              (--whole-archive)
zephyr/arch/arch/arm/core/aarch32/cortex_m/libarch__arm__core__aarch32__cortex_m.a(fault_s.S.obj)
                              (--whole-archive)
[...]
Memory Configuration

Name             Origin             Length             Attributes
FLASH            0x0000000001000000 0x0000000000040000 xr
RAM              0x0000000021000000 0x0000000000010000 xw
SRAM1            0x0000000021000000 0x0000000000010000
IDT_LIST         0x00000000fffff7ff 0x0000000000000800 xw
*default*        0x0000000000000000 0xffffffffffffffff

Linker script and memory map

LOAD zephyr/CMakeFiles/zephyr_pre1.dir/misc/empty_file.c.obj
LOAD zephyr/CMakeFiles/zephyr_pre1.dir/dev_handles.c.obj
                0x0000000000000020                _region_min_align = 0x20

.rel.plt        0x0000000001000000        0x0
 *(SORT_BY_ALIGNMENT(.rel.plt))
                [!provide]                        PROVIDE (__rel_iplt_start = .)
 *(SORT_BY_ALIGNMENT(.rel.iplt))
 .rel.iplt      0x0000000001000000        0x0 zephyr/libzephyr.a(cbprintf_packaged.c.obj)
                [!provide]                        PROVIDE (__rel_iplt_end = .)

.rela.plt       0x0000000000000000        0x0
 *(SORT_BY_ALIGNMENT(.rela.plt))
                [!provide]                        PROVIDE (__rela_iplt_start = .)
 *(SORT_BY_ALIGNMENT(.rela.iplt))
                [!provide]                        PROVIDE (__rela_iplt_end = .)

.rel.dyn
 *(SORT_BY_ALIGNMENT(.rel.*))

.rela.dyn
 *(SORT_BY_ALIGNMENT(.rela.*))

/DISCARD/
 *(SORT_BY_ALIGNMENT(.plt))

/DISCARD/
 *(SORT_BY_ALIGNMENT(.iplt))
                0x0000000001000000                __rom_region_start = 0x1000000

rom_start       0x0000000001000000       0xb8
                0x0000000000000000                . = 0x0
                0x0000000000000000                . = ALIGN (0x4)
                0x0000000000000000                . = ALIGN (0x80)
                0x0000000000000000                . = ALIGN (0x100)
                0x0000000001000000                _vector_start = .
 *(SORT_BY_ALIGNMENT(.exc_vector_table))
 *(SORT_BY_ALIGNMENT(.exc_vector_table.*))
 .exc_vector_table._vector_table_section
                0x0000000001000000       0x40 zephyr/arch/arch/arm/core/aarch32/cortex_m/libarch__arm__core__aarch32__cortex_m.a(vector_table.S.obj)
                0x0000000001000000                _vector_table
 *(SORT_BY_ALIGNMENT(.vectors))
                0x00000000010000b8                _vector_end = .
                0x0000000001000040                . = ALIGN (0x4)
 *(SORT_BY_ALIGNMENT(.gnu.linkonce.irq_vector_table*))
 .gnu.linkonce.irq_vector_table
                0x0000000001000040       0x78 zephyr/arch/common/libisr_tables.a(isr_tables.c.obj)
                0x0000000001000040                _irq_vector_table
                0x00000000010000b8                _vector_end = .

text            0x00000000010000b8    0x143a8
                0x00000000010000b8                __text_region_start = .
 *(SORT_BY_ALIGNMENT(.text))
 .text          0x00000000010000b8       0xa0 c:/ncs/toolchains/31f4403e35/opt/zephyr-sdk/arm-zephyr-eabi/bin/../lib/gcc/arm-zephyr-eabi/12.2.0/thumb/v8-m.main/nofp\libgcc.a(_aeabi_ldivmod.o)
                0x00000000010000b8                __aeabi_ldivmod
 .text          0x0000000001000158       0x30 c:/ncs/toolchains/31f4403e35/opt/zephyr-sdk/arm-zephyr-eabi/bin/../lib/gcc/arm-zephyr-eabi/12.2.0/thumb/v8-m.main/nofp\libgcc.a(_aeabi_uldivmod.o)
                0x0000000001000158                __aeabi_uldivmod
 .text          0x0000000001000188        0x4 c:/ncs/toolchains/31f4403e35/opt/zephyr-sdk/arm-zephyr-eabi/bin/../lib/gcc/arm-zephyr-eabi/12.2.0/thumb/v8-m.main/nofp\libgcc.a(_dvmd_tls.o)
                0x0000000001000188                __aeabi_idiv0
                0x0000000001000188                __aeabi_ldiv0
 .text          0x000000000100018c       0x34 C:/ncs/v2.4.0/nrfxlib/mpsl/lib/cortex-m33+nodsp/soft-float/libmpsl.a(libmpsl_debug_soft__obfuscated.elf)
                0x000000000100018c                sym_QLJBNB55XHXGY3EZ4W3ZZ3U6AVPE2YGDOXRUZSQ
 .text          0x00000000010001c0       0x34 C:/ncs/v2.4.0/nrfxlib/mpsl/lib/cortex-m33+nodsp/soft-float/libmpsl.a(libmpsl_debug_soft__obfuscated.elf)
                0x00000000010001c0                sym_VWOYI7XCNXBFVPWSS6WFJ2CWKPJYCMRRQTU7QWQ
 .text          0x00000000010001f4       0x1c C:/ncs/v2.4.0/nrfxlib/mpsl/lib/cortex-m33+nodsp/soft-float/libmpsl.a(libmpsl_debug_soft__obfuscated.elf)
                0x00000000010001f4                mpsl_tx_power_radio_supported_power_adjust
 .text          0x0000000001000210        0xc C:/ncs/v2.4.0/nrfxlib/mpsl/lib/cortex-m33+nodsp/soft-float/libmpsl.a(libmpsl_debug_soft__obfuscated.elf)
                0x0000000001000210                sym_SKFSQME5SGNPYLL7B75KY7PHXFYWSRI2HSTT45A
 .text          0x000000000100021c       0x18 C:/ncs/v2.4.0/nrfxlib/mpsl/lib/cortex-m33+nodsp/soft-float/libmpsl.a(libmpsl_debug_soft__obfuscated.elf)
                0x000000000100021c                sym_4RNEPYYQOFM4LAOGLN2TB27X7L3XBISTGAWYOHQ
 .text          0x0000000001000234       0x78 C:/ncs/v2.4.0/nrfxlib/mpsl/lib/cortex-m33+nodsp/soft-float/libmpsl.a(libmpsl_debug_soft__obfuscated.elf)
 .text          0x00000000010002ac      0x170 C:/ncs/v2.4.0/nrfxlib/mpsl/lib/cortex-m33+nodsp/soft-float/libmpsl.a(libmpsl_debug_soft__obfuscated.elf)
 .text          0x000000000100041c      0x104 C:/ncs/v2.4.0/nrfxlib/mpsl/lib/cortex-m33+nodsp/soft-float/libmpsl.a(libmpsl_debug_soft__obfuscated.elf)
 .text          0x0000000001000520       0xf0 C:/ncs/v2.4.0/nrfxlib/mpsl/lib/cortex-m33+nodsp/soft-float/libmpsl.a(libmpsl_debug_soft__obfuscated.elf)
 .text          0x0000000001000610      0x1b4 C:/ncs/v2.4.0/nrfxlib/mpsl/lib/cortex-m33+nodsp/soft-float/libmpsl.a(libmpsl_debug_soft__obfuscated.elf)
 .text          0x00000000010007c4      0x698 C:/ncs/v2.4.0/nrfxlib/mpsl/lib/cortex-m33+nodsp/soft-float/libmpsl.a(libmpsl_debug_soft__obfuscated.elf)
 .text          0x0000000001000e5c       0xf8 C:/ncs/v2.4.0/nrfxlib/mpsl/lib/cortex-m33+nodsp/soft-float/libmpsl.a(libmpsl_debug_soft__obfuscated.elf)
 .text          0x0000000001000f54      0x138 C:/ncs/v2.4.0/nrfxlib/mpsl/lib/cortex-m33+nodsp/soft-float/libmpsl.a(libmpsl_debug_soft__obfuscated.elf)
 .text          0x000000000100108c       0x8c C:/ncs/v2.4.0/nrfxlib/mpsl/lib/cortex-m33+nodsp/soft-float/libmpsl.a(libmpsl_debug_soft__obfuscated.elf)
                0x000000000100108c                sym_ZC6NJBPUISWILQK6OTOBMJVVUT63JRIDGH5WNCY
 .text          0x0000000001001118      0x39c C:/ncs/v2.4.0/nrfxlib/mpsl/lib/cortex-m33+nodsp/soft-float/libmpsl.a(libmpsl_debug_soft__obfuscated.elf)
                0x0000000001001118                sym_SFR5TVV24PZRIRC5QGOHL2X436PUHKRY2QWKP5Y
 .text          0x00000000010014b4       0x54 C:/ncs/v2.4.0/nrfxlib/mpsl/lib/cortex-m33+nodsp/soft-float/libmpsl.a(libmpsl_debug_soft__obfuscated.elf)
                0x00000000010014b4                sym_RPHL2J7CVNKM6GKLDIFI4NVAPZE2FHTYW4VJSJI
 .text          0x0000000001001508      0x5e8 C:/ncs/v2.4.0/nrfxlib/mpsl/lib/cortex-m33+nodsp/soft-float/libmpsl.a(libmpsl_debug_soft__obfuscated.elf)
                0x0000000001001508                sym_NFDFVOR5BUFND4TNTGYIYR4ARXJRXWSQ4PVFUKY
 .text          0x0000000001001af0        0xc C:/ncs/v2.4.0/nrfxlib/mpsl/lib/cortex-m33+nodsp/soft-float/libmpsl.a(libmpsl_debug_soft__obfuscated.elf)
                0x0000000001001af0                sym_VJEK4XS7F73UVK3OKMWLYLJEHOD3EB5MY72V6OQ
 .text          0x0000000001001afc      0x1fc C:/ncs/v2.4.0/nrfxlib/mpsl/lib/cortex-m33+nodsp/soft-float/libmpsl.a(libmpsl_debug_soft__obfuscated.elf)
                0x0000000001001afc                sym_J5F7QGRFPKMLWRNSXZXS5YI7BM4DUTISCOASCOA
 .text          0x0000000001001cf8       0x38 C:/ncs/v2.4.0/nrfxlib/mpsl/lib/cortex-m33+nodsp/soft-float/libmpsl.a(libmpsl_debug_soft__obfuscated.elf)
                0x0000000001001cf8                MPSL_IRQ_RADIO_Handler
 .text          0x0000000001001d30      0x104 C:/ncs/v2.4.0/nrfxlib/mpsl/lib/cortex-m33+nodsp/soft-float/libmpsl.a(libmpsl_debug_soft__obfuscated.elf)
                0x0000000001001d30                sym_URFU24FFGR2HYB6CCPIPKPNZNMTWHKDYOATUJNY
 .text          0x0000000001001e34       0x30 C:/ncs/v2.4.0/nrfxlib/mpsl/lib/cortex-m33+nodsp/soft-float/libmpsl.a(libmpsl_debug_soft__obfuscated.elf)
                0x0000000001001e34                sym_VEWW3RW4OAPPUFDQOJ7JRKBAAFEHR5NLTH3O5OQ
 .text          0x0000000001001e64       0x48 C:/ncs/v2.4.0/nrfxlib/mpsl/lib/cortex-m33+nodsp/soft-float/libmpsl.a(libmpsl_debug_soft__obfuscated.elf)
                0x0000000001001e64                sym_KRIFY7ONBBSU6QHFDWYLN5WQPGGEBIZW5444PSQ
 .text          0x0000000001001eac        0x4 C:/ncs/v2.4.0/nrfxlib/mpsl/lib/cortex-m33+nodsp/soft-float/libmpsl.a(libmpsl_debug_soft__obfuscated.elf)
                0x0000000001001eac                sym_6TZLBWMEWRMPI4KKAUVLC2XHUBDGXEA4B4JJJYQ
 .text          0x0000000001001eb0       0x9c C:/ncs/v2.4.0/nrfxlib/mpsl/lib/cortex-m33+nodsp/soft-float/libmpsl.a(libmpsl_debug_soft__obfuscated.elf)
                0x0000000001001eb0                sym_FWJGAV6HUABGKXBT6K4XJ76WZDWHK3EOQOQRNOI
 .text          0x0000000001001f4c      0x254 C:/ncs/v2.4.0/nrfxlib/mpsl/lib/cortex-m33+nodsp/soft-float/libmpsl.a(libmpsl_debug_soft__obfuscated.elf)
                0x0000000001001f4c                sym_QWOE5H22ZADGJX5JSROW7BOI32Z6PPEEJCISNOQ
 .text          0x00000000010021a0       0x1c C:/ncs/v2.4.0/nrfxlib/mpsl/lib/cortex-m33+nodsp/soft-float/libmpsl.a(libmpsl_debug_soft__obfuscated.elf)
                0x00000000010021a0                sym_XYQTP7YX2XFVREW5KFDH2NNPGRIPEHKIO2RURYI
 .text          0x00000000010021bc       0x70 C:/ncs/v2.4.0/nrfxlib/mpsl/lib/cortex-m33+nodsp/soft-float/libmpsl.a(libmpsl_debug_soft__obfuscated.elf)
                0x00000000010021bc                sym_V6OT7EKSQC3XEJK5ZWNACQF7LLICCSE7X3C3ECY
 .text          0x000000000100222c       0x58 C:/ncs/v2.4.0/nrfxlib/mpsl/lib/cortex-m33+nodsp/soft-float/libmpsl.a(libmpsl_debug_soft__obfuscated.elf)
                0x000000000100222c                sym_AOU55ZK756JLPLCLZ5TZSSVKOAWWFUNQZATBXUI
 .text          0x0000000001002284       0x78 C:/ncs/v2.4.0/nrfxlib/mpsl/lib/cortex-m33+nodsp/soft-float/libmpsl.a(libmpsl_debug_soft__obfuscated.elf)
                0x0000000001002284                sym_OLT7BBJAMRJJV5HK3QZCAOG3B3FGZ46HFC5VINI
 .text          0x00000000010022fc       0x34 C:/ncs/v2.4.0/nrfxlib/mpsl/lib/cortex-m33+nodsp/soft-float/libmpsl.a(libmpsl_debug_soft__obfuscated.elf)
                0x00000000010022fc                sym_PITJNQC6YSCEFAH23N5QRORZDKCSKOAUGBUS6GA
 .text          0x0000000001002330       0xd0 C:/ncs/v2.4.0/nrfxlib/mpsl/lib/cortex-m33+nodsp/soft-float/libmpsl.a(libmpsl_debug_soft__obfuscated.elf)
                0x0000000001002330                sym_3SK52U5TD4ACVVYKWS6UI6ZPWKSLV6BW5IGCPJI
 .text          0x0000000001002400      0x17c C:/ncs/v2.4.0/nrfxlib/mpsl/lib/cortex-m33+nodsp/soft-float/libmpsl.a(libmpsl_debug_soft__obfuscated.elf)
                0x0000000001002400                sym_2ZDZA75WOMRNSQ6XL7IZWAQKYFFSRJOGBGKPTIQ
 .text          0x000000000100257c       0xd4 C:/ncs/v2.4.0/nrfxlib/mpsl/lib/cortex-m33+nodsp/soft-float/libmpsl.a(libmpsl_debug_soft__obfuscated.elf)
                0x000000000100257c                sym_UGOJA475OXR5HR5WFINUK27HP5BRGNWCZXQLKDI
 .text          0x0000000001002650      0x138 C:/ncs/v2.4.0/nrfxlib/mpsl/lib/cortex-m33+nodsp/soft-float/libmpsl.a(libmpsl_debug_soft__obfuscated.elf)
                0x0000000001002650                sym_QUBGY7RMPG7R5F6DVNURH4AVGDAWMK46YXU4DRA
 .text          0x0000000001002788        0xc C:/ncs/v2.4.0/nrfxlib/mpsl/lib/cortex-m33+nodsp/soft-float/libmpsl.a(libmpsl_debug_soft__obfuscated.elf)
                0x0000000001002788                sym_RUQO26WM5KVVEW7O3OHCXPO7LLLXRBDPIPSWIWY
 .text          0x0000000001002794       0x10 C:/ncs/v2.4.0/nrfxlib/mpsl/lib/cortex-m33+nodsp/soft-float/libmpsl.a(libmpsl_debug_soft__obfuscated.elf)
                0x0000000001002794                sym_FY657WZD5QKMAW2TUBIU3E4BZ5M7DEVBKNG65HA
 .text          0x00000000010027a4        0xc C:/ncs/v2.4.0/nrfxlib/mpsl/lib/cortex-m33+nodsp/soft-float/libmpsl.a(libmpsl_debug_soft__obfuscated.elf)
                0x00000000010027a4                sym_M4DIQOXJAE3BNHQBIUCZXAABSM24CWUEJOCU7DY
 .text          0x00000000010027b0       0x4c C:/ncs/v2.4.0/nrfxlib/mpsl/lib/cortex-m33+nodsp/soft-float/libmpsl.a(libmpsl_debug_soft__obfuscated.elf)
                0x00000000010027b0                sym_SGRERKTYRS3O7AD2IUDRW5CT4AGUHLY2Q4A7LKY
 .text          0x00000000010027fc      0x114 C:/ncs/v2.4.0/nrfxlib/mpsl/lib/cortex-m33+nodsp/soft-float/libmpsl.a(libmpsl_debug_soft__obfuscated.elf)
                0x00000000010027fc                sym_X2K67YH6UCW6TFK6NTLPZZFGWYHTTPZYK5PXHNQ
 .text          0x0000000001002910      0x110 C:/ncs/v2.4.0/nrfxlib/mpsl/lib/cortex-m33+nodsp/soft-float/libmpsl.a(libmpsl_debug_soft__obfuscated.elf)
                0x0000000001002910                sym_TSYEIN5CZPQE3YK6VECZD5C2M4LMXKKH6O7LNAY
 .text          0x0000000001002a20       0x6c C:/ncs/v2.4.0/nrfxlib/mpsl/lib/cortex-m33+nodsp/soft-float/libmpsl.a(libmpsl_debug_soft__obfuscated.elf)
                0x0000000001002a20                sym_OLTN5HGCU3P74AJAQRGNYBUXASUKWF3RI2Q3H5Q
 .text          0x0000000001002a8c      0x104 C:/ncs/v2.4.0/nrfxlib/mpsl/lib/cortex-m33+nodsp/soft-float/libmpsl.a(libmpsl_debug_soft__obfuscated.elf)
                0x0000000001002a8c                MPSL_IRQ_RTC0_Handler
 .text          0x0000000001002b90      0x174 C:/ncs/v2.4.0/nrfxlib/mpsl/lib/cortex-m33+nodsp/soft-float/libmpsl.a(libmpsl_debug_soft__obfuscated.elf)
                0x0000000001002b90                MPSL_IRQ_TIMER0_Handler
 .text          0x0000000001002d04       0x28 C:/ncs/v2.4.0/nrfxlib/mpsl/lib/cortex-m33+nodsp/soft-float/libmpsl.a(libmpsl_debug_soft__obfuscated.elf)
                0x0000000001002d04                sym_52O7VXVVZYQGD3Z6C3FDJLGBNMQQ6XC5LJ3IFRQ
 .text          0x0000000001002d2c       0x10 C:/ncs/v2.4.0/nrfxlib/mpsl/lib/cortex-m33+nodsp/soft-float/libmpsl.a(libmpsl_debug_soft__obfuscated.elf)
                0x0000000001002d2c                sym_476ZEBCLN4VRBESFX6B7F6TMVQVNPVCGXRXSHHY
 .text          0x0000000001002d3c        0xc C:/ncs/v2.4.0/nrfxlib/mpsl/lib/cortex-m33+nodsp/soft-float/libmpsl.a(libmpsl_debug_soft__obfuscated.elf)
                0x0000000001002d3c                sym_HUWGHJMM42MANQTSVL3EY7E3VE4XM4JTQUIQAII
 .text          0x0000000001002d48       0x14 C:/ncs/v2.4.0/nrfxlib/mpsl/lib/cortex-m33+nodsp/soft-float/libmpsl.a(libmpsl_debug_soft__obfuscated.elf)
                0x0000000001002d48                sym_3RLTHYPNUGF2GJUCXUGLNFS6UK7UWZOBB6PWVDI
 .text          0x0000000001002d5c       0x14 C:/ncs/v2.4.0/nrfxlib/mpsl/lib/cortex-m33+nodsp/soft-float/libmpsl.a(libmpsl_debug_soft__obfuscated.elf)
                0x0000000001002d5c                sym_7TCBS6SSQW4V3WJBKAXLOSA2HN4KF7UYAM2QFKI
 .text          0x0000000001002d70       0x14 C:/ncs/v2.4.0/nrfxlib/mpsl/lib/cortex-m33+nodsp/soft-float/libmpsl.a(libmpsl_debug_soft__obfuscated.elf)
 .text          0x0000000001002d84       0x20 C:/ncs/v2.4.0/nrfxlib/mpsl/lib/cortex-m33+nodsp/soft-float/libmpsl.a(libmpsl_debug_soft__obfuscated.elf)
 .text          0x0000000001002da4       0x34 C:/ncs/v2.4.0/nrfxlib/mpsl/lib/cortex-m33+nodsp/soft-float/libmpsl.a(libmpsl_debug_soft__obfuscated.elf)
 .text          0x0000000001002dd8       0x40 C:/ncs/v2.4.0/nrfxlib/mpsl/lib/cortex-m33+nodsp/soft-float/libmpsl.a(libmpsl_debug_soft__obfuscated.elf)
 .text          0x0000000001002e18       0x24 C:/ncs/v2.4.0/nrfxlib/mpsl/lib/cortex-m33+nodsp/soft-float/libmpsl.a(libmpsl_debug_soft__obfuscated.elf)
 .text          0x0000000001002e3c       0xf8 C:/ncs/v2.4.0/nrfxlib/mpsl/lib/cortex-m33+nodsp/soft-float/libmpsl.a(libmpsl_debug_soft__obfuscated.elf)
 .text          0x0000000001002f34        0xc C:/ncs/v2.4.0/nrfxlib/mpsl/lib/cortex-m33+nodsp/soft-float/libmpsl.a(libmpsl_debug_soft__obfuscated.elf)
                0x0000000001002f34                sym_JNBYD5ZJ5MPK62ZKHKS33GEXMN2T7JK3PFE544A
 .text          0x0000000001002f40      0x100 C:/ncs/v2.4.0/nrfxlib/mpsl/lib/cortex-m33+nodsp/soft-float/libmpsl.a(libmpsl_debug_soft__obfuscated.elf)
                0x0000000001002f40                sym_SMM7FXAGNH5CGLSU6FKRBG24XS3XTMWJCOJFD6Q
 .text          0x0000000001003040       0x28 C:/ncs/v2.4.0/nrfxlib/mpsl/lib/cortex-m33+nodsp/soft-float/libmpsl.a(libmpsl_debug_soft__obfuscated.elf)
                0x0000000001003040                sym_XEJLNUQGS5P4R5IXDJFF6NE6C2FZWRZYDQOGMPI
 .text          0x0000000001003068        0xc C:/ncs/v2.4.0/nrfxlib/mpsl/lib/cortex-m33+nodsp/soft-float/libmpsl.a(libmpsl_debug_soft__obfuscated.elf)
                0x0000000001003068                sym_MGDULS4U2D5VQ5NBLZDC7UTSC6O3GJASJZPQJ2Q
 .text          0x0000000001003074       0x28 C:/ncs/v2.4.0/nrfxlib/mpsl/lib/cortex-m33+nodsp/soft-float/libmpsl.a(libmpsl_debug_soft__obfuscated.elf)
                0x0000000001003074                sym_PEUB6CZG5CWXXD4M2S6OVBXZGDFOG4XII7USUDQ
 .text          0x000000000100309c       0x38 C:/ncs/v2.4.0/nrfxlib/mpsl/lib/cortex-m33+nodsp/soft-float/libmpsl.a(libmpsl_debug_soft__obfuscated.elf)
                0x000000000100309c                mpsl_clock_hfclk_request
 .text          0x00000000010030d4       0x34 C:/ncs/v2.4.0/nrfxlib/mpsl/lib/cortex-m33+nodsp/soft-float/libmpsl.a(libmpsl_debug_soft__obfuscated.elf)
 .text          0x0000000001003108       0x4c C:/ncs/v2.4.0/nrfxlib/mpsl/lib/cortex-m33+nodsp/soft-float/libmpsl.a(libmpsl_debug_soft__obfuscated.elf)
 .text          0x0000000001003154       0x38 C:/ncs/v2.4.0/nrfxlib/mpsl/lib/cortex-m33+nodsp/soft-float/libmpsl.a(libmpsl_debug_soft__obfuscated.elf)
                0x0000000001003154                sym_AF5XKA2WT4DMFZTLKHOBWE7E2EZAMLDDFPQGGTQ
 .text          0x000000000100318c       0x1c C:/ncs/v2.4.0/nrfxlib/mpsl/lib/cortex-m33+nodsp/soft-float/libmpsl.a(libmpsl_debug_soft__obfuscated.elf)
                0x000000000100318c                mpsl_clock_hfclk_release
 .text          0x00000000010031a8       0x84 C:/ncs/v2.4.0/nrfxlib/mpsl/lib/cortex-m33+nodsp/soft-float/libmpsl.a(libmpsl_debug_soft__obfuscated.elf)
                0x00000000010031a8                sym_A4JUKJUCTJV55V2WD6TXU63VO5GAMB4XA4EE56Q
 .text          0x000000000100322c       0xa4 C:/ncs/v2.4.0/nrfxlib/mpsl/lib/cortex-m33+nodsp/soft-float/libmpsl.a(libmpsl_debug_soft__obfuscated.elf)
                0x000000000100322c                MPSL_IRQ_CLOCK_Handler
 .text          0x00000000010032d0       0x18 C:/ncs/v2.4.0/nrfxlib/mpsl/lib/cortex-m33+nodsp/soft-float/libmpsl.a(libmpsl_debug_soft__obfuscated.elf)
                0x00000000010032d0                sym_4PX37LW4KIUYQZ73JWLPH5GAGIRWAKTV3E6F62Q
 .text          0x00000000010032e8      0x1b8 C:/ncs/v2.4.0/nrfxlib/mpsl/lib/cortex-m33+nodsp/soft-float/libmpsl.a(libmpsl_debug_soft__obfuscated.elf)
                0x00000000010032e8                sym_FYHKZOVAJN6VDDHY43FT7PF4YLRDHWRTEWHFG6I
 .text          0x00000000010034a0        0xc C:/ncs/v2.4.0/nrfxlib/mpsl/lib/cortex-m33+nodsp/soft-float/libmpsl.a(libmpsl_debug_soft__obfuscated.elf)
                0x00000000010034a0                sym_IFJHPQV3B4EIN6OIUP3LZSPJBF5HLX2VYD323GA
 .text          0x00000000010034ac       0x1c C:/ncs/v2.4.0/nrfxlib/mpsl/lib/cortex-m33+nodsp/soft-float/libmpsl.a(libmpsl_debug_soft__obfuscated.elf)
                0x00000000010034ac                sym_XK3TMLCZALCYYWGULGHQIRSOBMPIIPJ7HEMOZIQ
 .text          0x00000000010034c8        0xc C:/ncs/v2.4.0/nrfxlib/mpsl/lib/cortex-m33+nodsp/soft-float/libmpsl.a(libmpsl_debug_soft__obfuscated.elf)
                0x00000000010034c8                sym_PIRI3CTIHOPR5MPDQRHBJRRZEA2NVOD4J3GXGOA
 .text          0x00000000010034d4       0x20 C:/ncs/v2.4.0/nrfxlib/mpsl/lib/cortex-m33+nodsp/soft-float/libmpsl.a(libmpsl_debug_soft__obfuscated.elf)
                0x00000000010034d4                sym_LIY23QT3GHIV7NCGJ6ZW6LB2ZUSI56CIFCL6HUY
 .text          0x00000000010034f4       0x10 C:/ncs/v2.4.0/nrfxlib/mpsl/lib/cortex-m33+nodsp/soft-float/libmpsl.a(libmpsl_debug_soft__obfuscated.elf)
                0x00000000010034f4                sym_TIWHB6UQGI33JQCQDL7C2BRAEXCRAFYENVN6QEI
 .text          0x0000000001003504       0x10 C:/ncs/v2.4.0/nrfxlib/mpsl/lib/cortex-m33+nodsp/soft-float/libmpsl.a(libmpsl_debug_soft__obfuscated.elf)
                0x0000000001003504                sym_AL7FCNVVCF72BNYCTLA5UGAWCQFXFPGE2ULTWOA
 .text          0x0000000001003514       0x10 C:/ncs/v2.4.0/nrfxlib/mpsl/lib/cortex-m33+nodsp/soft-float/libmpsl.a(libmpsl_debug_soft__obfuscated.elf)
                0x0000000001003514                sym_7BUNPUBNWNFVXXIMNFFNK765OVON5LBIUZ66QRI
 .text          0x0000000001003524       0x24 C:/ncs/v2.4.0/nrfxlib/mpsl/lib/cortex-m33+nodsp/soft-float/libmpsl.a(libmpsl_debug_soft__obfuscated.elf)
                0x0000000001003524                sym_LZEJCP3HZIBKMJQC47UQXAHGCQ52QF47EXOH2WA
 .text          0x0000000001003548       0x24 C:/ncs/v2.4.0/nrfxlib/mpsl/lib/cortex-m33+nodsp/soft-float/libmpsl.a(libmpsl_debug_soft__obfuscated.elf)
 .text          0x000000000100356c       0x30 C:/ncs/v2.4.0/nrfxlib/mpsl/lib/cortex-m33+nodsp/soft-float/libmpsl.a(libmpsl_debug_soft__obfuscated.elf)
 .text          0x000000000100359c       0x5c C:/ncs/v2.4.0/nrfxlib/mpsl/lib/cortex-m33+nodsp/soft-float/libmpsl.a(libmpsl_debug_soft__obfuscated.elf)
 .text          0x00000000010035f8       0x70 C:/ncs/v2.4.0/nrfxlib/mpsl/lib/cortex-m33+nodsp/soft-float/libmpsl.a(libmpsl_debug_soft__obfuscated.elf)
                0x00000000010035f8                mpsl_init
 .text          0x0000000001003668       0x14 C:/ncs/v2.4.0/nrfxlib/mpsl/lib/cortex-m33+nodsp/soft-float/libmpsl.a(libmpsl_debug_soft__obfuscated.elf)
                0x0000000001003668                sym_4JLKMM32SOXCP6XBYAWZDUIMUJIYXLKKDBOFLHI
 .text          0x000000000100367c       0x58 C:/ncs/v2.4.0/nrfxlib/mpsl/lib/cortex-m33+nodsp/soft-float/libmpsl.a(libmpsl_debug_soft__obfuscated.elf)
                0x000000000100367c                sym_S2UAPMFVIQXDUOA6CV7GJMB33TYHEUH5D6LHO5Q
 .text          0x00000000010036d4       0x28 C:/ncs/v2.4.0/nrfxlib/mpsl/lib/cortex-m33+nodsp/soft-float/libmpsl.a(libmpsl_debug_soft__obfuscated.elf)
                0x00000000010036d4                sym_XR32KBBIVYD5OVRJM2RBQ57EGCCM2C3F5IY6OHQ
 .text          0x00000000010036fc       0x7c C:/ncs/v2.4.0/nrfxlib/mpsl/lib/cortex-m33+nodsp/soft-float/libmpsl.a(libmpsl_debug_soft__obfuscated.elf)
                0x00000000010036fc                mpsl_temperature_get
 .text          0x0000000001003778       0x38 C:/ncs/v2.4.0/nrfxlib/mpsl/lib/cortex-m33+nodsp/soft-float/libmpsl.a(libmpsl_debug_soft__obfuscated.elf)
                0x0000000001003778                sym_W7ROFHNOSDKPIRUKDGIZZ5YR3MC3DAM2YLJOUIA
 .text          0x00000000010037b0       0x38 C:/ncs/v2.4.0/nrfxlib/mpsl/lib/cortex-m33+nodsp/soft-float/libmpsl.a(libmpsl_debug_soft__obfuscated.elf)
                0x00000000010037b0                sym_GURZ3AH6X65RGSKYMYNWZVP6HM56LA5MRAQWT6Q
 .text          0x00000000010037e8       0x50 C:/ncs/v2.4.0/nrfxlib/mpsl/lib/cortex-m33+nodsp/soft-float/libmpsl.a(libmpsl_debug_soft__obfuscated.elf)
                0x00000000010037e8                sym_VWGRUQT3LYZHLYS5KJ7UOCJEHLDJTWH4RVJBGKQ
 .text          0x0000000001003838        0x8 C:/ncs/v2.4.0/nrfxlib/mpsl/lib/cortex-m33+nodsp/soft-float/libmpsl.a(libmpsl_debug_soft__obfuscated.elf)
                0x0000000001003838                sym_4WL3TG4Q7RCTFEMPQ2CQTOL4PAKUULDPJUM5DTY
 .text          0x0000000001003840       0x88 C:/ncs/v2.4.0/nrfxlib/mpsl/lib/cortex-m33+nodsp/soft-float/libmpsl.a(libmpsl_debug_soft__obfuscated.elf)
                0x0000000001003840                sym_Y4YRJRQYBZO6PGAQYLST7K67PDXS4EJWF2FNNKA
 .text          0x00000000010038c8       0xac C:/ncs/v2.4.0/nrfxlib/mpsl/lib/cortex-m33+nodsp/soft-float/libmpsl.a(libmpsl_debug_soft__obfuscated.elf)
                0x00000000010038c8                sym_ZY67JFDYC72ZRZASFF2HOA7TV55LM74BXABVWRI
 .text          0x0000000001003974       0xd8 C:/ncs/v2.4.0/nrfxlib/mpsl/lib/cortex-m33+nodsp/soft-float/libmpsl.a(libmpsl_debug_soft__obfuscated.elf)
                0x0000000001003974                sym_VSILKYHVQ5DVF6LG5MG267DQVA3A2XZQ6FSCLXA
 .text          0x0000000001003a4c        0xc C:/ncs/v2.4.0/nrfxlib/mpsl/lib/cortex-m33+nodsp/soft-float/libmpsl.a(libmpsl_debug_soft__obfuscated.elf)
                0x0000000001003a4c                mpsl_cx_request
 .text          0x0000000001003a58        0xc C:/ncs/v2.4.0/nrfxlib/mpsl/lib/cortex-m33+nodsp/soft-float/libmpsl.a(libmpsl_debug_soft__obfuscated.elf)
                0x0000000001003a58                mpsl_cx_release
 .text          0x0000000001003a64        0xc C:/ncs/v2.4.0/nrfxlib/mpsl/lib/cortex-m33+nodsp/soft-float/libmpsl.a(libmpsl_debug_soft__obfuscated.elf)
                0x0000000001003a64                mpsl_cx_granted_ops_get
 .text          0x0000000001003a70        0xc C:/ncs/v2.4.0/nrfxlib/mpsl/lib/cortex-m33+nodsp/soft-float/libmpsl.a(libmpsl_debug_soft__obfuscated.elf)
                0x0000000001003a70                mpsl_cx_register_callback
 .text          0x0000000001003a7c       0x64 C:/ncs/v2.4.0/nrfxlib/mpsl/lib/cortex-m33+nodsp/soft-float/libmpsl.a(libmpsl_debug_soft__obfuscated.elf)
 .text          0x0000000001003ae0       0x38 C:/ncs/v2.4.0/nrfxlib/mpsl/lib/cortex-m33+nodsp/soft-float/libmpsl.a(libmpsl_debug_soft__obfuscated.elf)
 .text          0x0000000001003b18       0x40 C:/ncs/v2.4.0/nrfxlib/mpsl/lib/cortex-m33+nodsp/soft-float/libmpsl.a(libmpsl_debug_soft__obfuscated.elf)
 .text          0x0000000001003b58       0xb0 C:/ncs/v2.4.0/nrfxlib/mpsl/lib/cortex-m33+nodsp/soft-float/libmpsl.a(libmpsl_debug_soft__obfuscated.elf)
 .text          0x0000000001003c08       0x6c C:/ncs/v2.4.0/nrfxlib/mpsl/lib/cortex-m33+nodsp/soft-float/libmpsl.a(libmpsl_debug_soft__obfuscated.elf)
                0x0000000001003c08                nrf_raal_init
 .text          0x0000000001003c74       0x48 C:/ncs/v2.4.0/nrfxlib/mpsl/lib/cortex-m33+nodsp/soft-float/libmpsl.a(libmpsl_debug_soft__obfuscated.elf)
                0x0000000001003c74                nrf_raal_continuous_mode_exit
 .text          0x0000000001003cbc       0x38 C:/ncs/v2.4.0/nrfxlib/mpsl/lib/cortex-m33+nodsp/soft-float/libmpsl.a(libmpsl_debug_soft__obfuscated.elf)
                0x0000000001003cbc                nrf_raal_continuous_ended
 .text          0x0000000001003cf4       0x54 C:/ncs/v2.4.0/nrfxlib/mpsl/lib/cortex-m33+nodsp/soft-float/libmpsl.a(libmpsl_debug_soft__obfuscated.elf)
                0x0000000001003cf4                nrf_raal_timeslot_us_left_get
 .text          0x0000000001003d48       0x5c C:/ncs/v2.4.0/nrfxlib/mpsl/lib/cortex-m33+nodsp/soft-float/libmpsl.a(libmpsl_debug_soft__obfuscated.elf)
                0x0000000001003d48                nrf_raal_continuous_mode_enter
 .text          0x0000000001003da4       0x2c C:/ncs/v2.4.0/nrfxlib/mpsl/lib/cortex-m33+nodsp/soft-float/libmpsl.a(libmpsl_debug_soft__obfuscated.elf)
 .text          0x0000000001003dd0       0xe0 C:/ncs/v2.4.0/nrfxlib/mpsl/lib/cortex-m33+nodsp/soft-float/libmpsl.a(libmpsl_debug_soft__obfuscated.elf)
 .text          0x0000000001003eb0        0xc C:/ncs/v2.4.0/nrfxlib/mpsl/lib/cortex-m33+nodsp/soft-float/libmpsl.a(libmpsl_debug_soft__obfuscated.elf)
                0x0000000001003eb0                sym_FLYO2O6PDDEK6WCFFGJRAPCMRB5FFHTEEHI4Z2Q
 .text          0x0000000001003ebc       0xbc C:/ncs/v2.4.0/nrfxlib/mpsl/lib/cortex-m33+nodsp/soft-float/libmpsl.a(libmpsl_debug_soft__obfuscated.elf)
 .text          0x0000000001003f78      0x1f4 C:/ncs/v2.4.0/nrfxlib/mpsl/lib/cortex-m33+nodsp/soft-float/libmpsl.a(libmpsl_debug_soft__obfuscated.elf)
 .text          0x000000000100416c      0x1c0 C:/ncs/v2.4.0/nrfxlib/mpsl/lib/cortex-m33+nodsp/soft-float/libmpsl.a(libmpsl_debug_soft__obfuscated.elf)
 .text          0x000000000100432c       0xb8 C:/ncs/v2.4.0/nrfxlib/mpsl/lib/cortex-m33+nodsp/soft-float/libmpsl.a(libmpsl_debug_soft__obfuscated.elf)
 .text          0x00000000010043e4      0x170 C:/ncs/v2.4.0/nrfxlib/mpsl/lib/cortex-m33+nodsp/soft-float/libmpsl.a(libmpsl_debug_soft__obfuscated.elf)
 .text          0x0000000001004554       0x1c C:/ncs/v2.4.0/nrfxlib/mpsl/lib/cortex-m33+nodsp/soft-float/libmpsl.a(libmpsl_debug_soft__obfuscated.elf)
 .text          0x0000000001004570       0x14 C:/ncs/v2.4.0/nrfxlib/mpsl/lib/cortex-m33+nodsp/soft-float/libmpsl.a(libmpsl_debug_soft__obfuscated.elf)
 .text          0x0000000001004584       0x24 C:/ncs/v2.4.0/nrfxlib/mpsl/lib/cortex-m33+nodsp/soft-float/libmpsl.a(libmpsl_debug_soft__obfuscated.elf)
 .text          0x00000000010045a8       0xfc C:/ncs/v2.4.0/nrfxlib/mpsl/lib/cortex-m33+nodsp/soft-float/libmpsl.a(libmpsl_debug_soft__obfuscated.elf)
 .text          0x00000000010046a4       0xf4 C:/ncs/v2.4.0/nrfxlib/mpsl/lib/cortex-m33+nodsp/soft-float/libmpsl.a(libmpsl_debug_soft__obfuscated.elf)
 .text          0x0000000001004798      0x140 C:/ncs/v2.4.0/nrfxlib/mpsl/lib/cortex-m33+nodsp/soft-float/libmpsl.a(libmpsl_debug_soft__obfuscated.elf)
 .text          0x00000000010048d8       0x14 C:/ncs/v2.4.0/nrfxlib/mpsl/lib/cortex-m33+nodsp/soft-float/libmpsl.a(libmpsl_debug_soft__obfuscated.elf)
 .text          0x00000000010048ec        0xc C:/ncs/v2.4.0/nrfxlib/mpsl/lib/cortex-m33+nodsp/soft-float/libmpsl.a(libmpsl_debug_soft__obfuscated.elf)
                0x00000000010048ec                mpsl_fem_disable
 .text          0x00000000010048f8        0xc C:/ncs/v2.4.0/nrfxlib/mpsl/lib/cortex-m33+nodsp/soft-float/libmpsl.a(libmpsl_debug_soft__obfuscated.elf)
                0x00000000010048f8                mpsl_fem_pa_configuration_set
 .text          0x0000000001004904        0xc C:/ncs/v2.4.0/nrfxlib/mpsl/lib/cortex-m33+nodsp/soft-float/libmpsl.a(libmpsl_debug_soft__obfuscated.elf)
                0x0000000001004904                mpsl_fem_lna_configuration_set
 .text          0x0000000001004910        0xc C:/ncs/v2.4.0/nrfxlib/mpsl/lib/cortex-m33+nodsp/soft-float/libmpsl.a(libmpsl_debug_soft__obfuscated.elf)
                0x0000000001004910                mpsl_fem_pa_configuration_clear
 .text          0x000000000100491c        0xc C:/ncs/v2.4.0/nrfxlib/mpsl/lib/cortex-m33+nodsp/soft-float/libmpsl.a(libmpsl_debug_soft__obfuscated.elf)
                0x000000000100491c                mpsl_fem_lna_configuration_clear
 .text          0x0000000001004928        0xc C:/ncs/v2.4.0/nrfxlib/mpsl/lib/cortex-m33+nodsp/soft-float/libmpsl.a(libmpsl_debug_soft__obfuscated.elf)
                0x0000000001004928                mpsl_fem_deactivate_now
 .text          0x0000000001004934        0xc C:/ncs/v2.4.0/nrfxlib/mpsl/lib/cortex-m33+nodsp/soft-float/libmpsl.a(libmpsl_debug_soft__obfuscated.elf)
                0x0000000001004934                mpsl_fem_pa_gain_set
 .text          0x0000000001004940        0xc C:/ncs/v2.4.0/nrfxlib/mpsl/lib/cortex-m33+nodsp/soft-float/libmpsl.a(libmpsl_debug_soft__obfuscated.elf)
                0x0000000001004940                mpsl_fem_abort_set
 .text          0x000000000100494c        0xc C:/ncs/v2.4.0/nrfxlib/mpsl/lib/cortex-m33+nodsp/soft-float/libmpsl.a(libmpsl_debug_soft__obfuscated.elf)
                0x000000000100494c                mpsl_fem_abort_clear
 .text          0x0000000001004958       0x14 C:/ncs/v2.4.0/nrfxlib/mpsl/lib/cortex-m33+nodsp/soft-float/libmpsl.a(libmpsl_debug_soft__obfuscated.elf)
                0x0000000001004958                mpsl_fem_tx_power_split
 .text          0x000000000100496c       0x10 C:/ncs/v2.4.0/nrfxlib/mpsl/lib/cortex-m33+nodsp/soft-float/libmpsl.a(libmpsl_debug_soft__obfuscated.elf)
                0x000000000100496c                sym_6TQUPGH3JCOXHF5S5KOV5JVT7ENJIB42OACFZEY
 .text          0x000000000100497c       0x10 C:/ncs/v2.4.0/nrfxlib/mpsl/lib/cortex-m33+nodsp/soft-float/libmpsl.a(libmpsl_debug_soft__obfuscated.elf)
                0x000000000100497c                sym_UZUI4YQAV7IWWBS4QSQS6JUSLV3JFA6COL6SGJQ
 .text          0x000000000100498c       0x84 C:/ncs/v2.4.0/nrfxlib/mpsl/lib/cortex-m33+nodsp/soft-float/libmpsl.a(libmpsl_debug_soft__obfuscated.elf)
 .text          0x0000000001004a10       0x20 C:/ncs/v2.4.0/nrfxlib/mpsl/lib/cortex-m33+nodsp/soft-float/libmpsl.a(libmpsl_debug_soft__obfuscated.elf)
 .text          0x0000000001004a30       0x40 C:/ncs/v2.4.0/nrfxlib/mpsl/lib/cortex-m33+nodsp/soft-float/libmpsl.a(libmpsl_debug_soft__obfuscated.elf)
 .text          0x0000000001004a70       0xb4 C:/ncs/v2.4.0/nrfxlib/mpsl/lib/cortex-m33+nodsp/soft-float/libmpsl.a(libmpsl_debug_soft__obfuscated.elf)
 .text          0x0000000001004b24      0x12c C:/ncs/v2.4.0/nrfxlib/mpsl/lib/cortex-m33+nodsp/soft-float/libmpsl.a(libmpsl_debug_soft__obfuscated.elf)
 .text          0x0000000001004c50      0x110 C:/ncs/v2.4.0/nrfxlib/mpsl/lib/cortex-m33+nodsp/soft-float/libmpsl.a(libmpsl_debug_soft__obfuscated.elf)
 .text          0x0000000001004d60      0x19c C:/ncs/v2.4.0/nrfxlib/mpsl/lib/cortex-m33+nodsp/soft-float/libmpsl.a(libmpsl_debug_soft__obfuscated.elf)
 .text          0x0000000001004efc       0x28 C:/ncs/v2.4.0/nrfxlib/mpsl/lib/cortex-m33+nodsp/soft-float/libmpsl.a(libmpsl_debug_soft__obfuscated.elf)
                0x0000000001004efc                sym_O5XDVUVJVGI67OXYHXFZUGAXHD4DKFKVMS2P3NA
 .text          0x0000000001004f24       0x18 C:/ncs/v2.4.0/nrfxlib/mpsl/lib/cortex-m33+nodsp/soft-float/libmpsl.a(libmpsl_debug_soft__obfuscated.elf)
                0x0000000001004f24                sym_DINXTNKCSHYWKSOGFJLECC2P6Y7VHT5UJUX7RSQ
 .text          0x0000000001004f3c       0x24 C:/ncs/v2.4.0/nrfxlib/mpsl/lib/cortex-m33+nodsp/soft-float/libmpsl.a(libmpsl_debug_soft__obfuscated.elf)
                0x0000000001004f3c                sym_HYJVDKKJQTKLMNG7YVST4N7OHEC7S2J72M7FN3Q
 .text          0x0000000001004f60       0x10 C:/ncs/v2.4.0/nrfxlib/mpsl/lib/cortex-m33+nodsp/soft-float/libmpsl.a(libmpsl_debug_soft__obfuscated.elf)
                0x0000000001004f60                sym_CMW5Y2V4ZAQWO6OLYO7TFQKQPIHLUEEKEX6J7BY
 .text          0x0000000001004f70       0x34 C:/ncs/v2.4.0/nrfxlib/mpsl/lib/cortex-m33+nodsp/soft-float/libmpsl.a(libmpsl_debug_soft__obfuscated.elf)
                0x0000000001004f70                sym_I3Z2GQRGKQWA5EQS23LZRSTLKW6RHV35I6AIDQY
 .text          0x0000000001004fa4       0x10 C:/ncs/v2.4.0/nrfxlib/mpsl/lib/cortex-m33+nodsp/soft-float/libmpsl.a(libmpsl_debug_soft__obfuscated.elf)
                0x0000000001004fa4                sym_7Y7KR3HN6VAJOI24WXYPIIIP72KGQRHDY43HZQA
 .text          0x0000000001004fb4      0x18c C:/ncs/v2.4.0/nrfxlib/mpsl/lib/cortex-m33+nodsp/soft-float/libmpsl.a(libmpsl_debug_soft__obfuscated.elf)
 .text          0x0000000001005140       0x30 C:/ncs/v2.4.0/nrfxlib/mpsl/lib/cortex-m33+nodsp/soft-float/libmpsl.a(libmpsl_debug_soft__obfuscated.elf)
 .text          0x0000000001005170        0xc C:/ncs/v2.4.0/nrfxlib/mpsl/lib/cortex-m33+nodsp/soft-float/libmpsl.a(libmpsl_debug_soft__obfuscated.elf)
                0x0000000001005170                sym_WX6UB7ZVT4L7KZVG3JEYCY7OOPKVKNWPNDVIYJY
 .text          0x000000000100517c      0x29c c:/ncs/toolchains/31f4403e35/opt/zephyr-sdk/arm-zephyr-eabi/bin/../lib/gcc/arm-zephyr-eabi/12.2.0/thumb/v8-m.main/nofp\libgcc.a(_udivmoddi4.o)
                0x000000000100517c                __udivmoddi4
 .text          0x0000000001005418        0x2 C:/ncs/v2.4.0/nrfxlib/mpsl/lib/cortex-m33+nodsp/soft-float/libmpsl.a(libmpsl_debug_soft__obfuscated.elf)
                0x0000000001005418                sym_JBMIQXYLJQQB56KLSIZ2WVKBMEMRZHLRBGLEPTA
 .text          0x000000000100541a       0x22 C:/ncs/v2.4.0/nrfxlib/mpsl/lib/cortex-m33+nodsp/soft-float/libmpsl.a(libmpsl_debug_soft__obfuscated.elf)
                0x000000000100541a                sym_47MBMNER75N2M6YIZRIF4DAHSAATJOMK3LAIDCY
 .text          0x000000000100543c       0x1e C:/ncs/v2.4.0/nrfxlib/mpsl/lib/cortex-m33+nodsp/soft-float/libmpsl.a(libmpsl_debug_soft__obfuscated.elf)
 .text          0x000000000100545a        0x4 C:/ncs/v2.4.0/nrfxlib/mpsl/lib/cortex-m33+nodsp/soft-float/libmpsl.a(libmpsl_debug_soft__obfuscated.elf)
                0x000000000100545a                mpsl_low_priority_process
 .text          0x000000000100545e        0x2 C:/ncs/v2.4.0/nrfxlib/mpsl/lib/cortex-m33+nodsp/soft-float/libmpsl.a(libmpsl_debug_soft__obfuscated.elf)
                0x000000000100545e                sym_PAD7XREQQORPXRJMXMW2EYVS4S43S42A5D43SBA
 .text          0x0000000001005460        0x4 C:/ncs/v2.4.0/nrfxlib/mpsl/lib/cortex-m33+nodsp/soft-float/libmpsl.a(libmpsl_debug_soft__obfuscated.elf)
                0x0000000001005460                sym_PHK7RXLFFTGYQNCW3IEEUVLOAYXWQJQYEN3DT7Y
 .text          0x0000000001005464        0xc C:/ncs/v2.4.0/nrfxlib/mpsl/lib/cortex-m33+nodsp/soft-float/libmpsl.a(libmpsl_debug_soft__obfuscated.elf)
 .text          0x0000000001005470        0x4 C:/ncs/v2.4.0/nrfxlib/mpsl/lib/cortex-m33+nodsp/soft-float/libmpsl.a(libmpsl_debug_soft__obfuscated.elf)
 .text          0x0000000001005474        0x8 C:/ncs/v2.4.0/nrfxlib/mpsl/lib/cortex-m33+nodsp/soft-float/libmpsl.a(libmpsl_debug_soft__obfuscated.elf)
 .text          0x000000000100547c        0x4 C:/ncs/v2.4.0/nrfxlib/mpsl/lib/cortex-m33+nodsp/soft-float/libmpsl.a(libmpsl_debug_soft__obfuscated.elf)
 .text          0x0000000001005480        0x4 C:/ncs/v2.4.0/nrfxlib/mpsl/lib/cortex-m33+nodsp/soft-float/libmpsl.a(libmpsl_debug_soft__obfuscated.elf)
 .text          0x0000000001005484       0x12 C:/ncs/v2.4.0/nrfxlib/mpsl/lib/cortex-m33+nodsp/soft-float/libmpsl.a(libmpsl_debug_soft__obfuscated.elf)
                0x0000000001005484                nrf_raal_timeslot_request
 .text          0x0000000001005496       0x52 C:/ncs/v2.4.0/nrfxlib/mpsl/lib/cortex-m33+nodsp/soft-float/libmpsl.a(libmpsl_debug_soft__obfuscated.elf)
                0x0000000001005496                nrf_802154_fal_tx_power_split
 .text          0x00000000010054e8       0x46 C:/ncs/v2.4.0/nrfxlib/mpsl/lib/cortex-m33+nodsp/soft-float/libmpsl.a(libmpsl_debug_soft__obfuscated.elf)
 .text          0x000000000100552e       0x28 C:/ncs/v2.4.0/nrfxlib/mpsl/lib/cortex-m33+nodsp/soft-float/libmpsl.a(libmpsl_debug_soft__obfuscated.elf)
 .text          0x0000000001005556       0x28 C:/ncs/v2.4.0/nrfxlib/mpsl/lib/cortex-m33+nodsp/soft-float/libmpsl.a(libmpsl_debug_soft__obfuscated.elf)
 .text          0x000000000100557e       0x28 C:/ncs/v2.4.0/nrfxlib/mpsl/lib/cortex-m33+nodsp/soft-float/libmpsl.a(libmpsl_debug_soft__obfuscated.elf)
 .text          0x00000000010055a6        0x4 C:/ncs/v2.4.0/nrfxlib/mpsl/lib/cortex-m33+nodsp/soft-float/libmpsl.a(libmpsl_debug_soft__obfuscated.elf)
                0x00000000010055a6                mpsl_fem_init
 .text          0x00000000010055aa       0x22 C:/ncs/v2.4.0/nrfxlib/mpsl/lib/cortex-m33+nodsp/soft-float/libmpsl.a(libmpsl_debug_soft__obfuscated.elf)
                0x00000000010055aa                sym_PX4SKXGNX25XLMGGWQM65ZRFHI6666YGHL6AYMA
 .text          0x00000000010055cc       0x22 C:/ncs/v2.4.0/nrfxlib/mpsl/lib/cortex-m33+nodsp/soft-float/libmpsl.a(libmpsl_debug_soft__obfuscated.elf)
                0x00000000010055cc                sym_ECVUNLUE75MH4IFHQABUWIWXLABULY5DCISIGIY
 .text          0x00000000010055ee       0x2c C:/ncs/v2.4.0/nrfxlib/mpsl/lib/cortex-m33+nodsp/soft-float/libmpsl.a(libmpsl_debug_soft__obfuscated.elf)
 .text          0x000000000100561a       0x2a C:/ncs/v2.4.0/nrfxlib/mpsl/lib/cortex-m33+nodsp/soft-float/libmpsl.a(libmpsl_debug_soft__obfuscated.elf)
 .text          0x0000000001005644        0xc C:/ncs/v2.4.0/nrfxlib/mpsl/lib/cortex-m33+nodsp/soft-float/libmpsl.a(libmpsl_debug_soft__obfuscated.elf)
                0x0000000001005644                sym_XWQGTONAVLSGPVLQHPRD2ZOJKJG4LL4CPTBVTQY
 .text          0x0000000001005650       0x24 C:/ncs/v2.4.0/nrfxlib/mpsl/lib/cortex-m33+nodsp/soft-float/libmpsl.a(libmpsl_debug_soft__obfuscated.elf)
                0x0000000001005650                sym_R3CY5O5PWFOP6PPHA2W2A2Q2GG2C3KWHG5ABJVI
 .text          0x0000000001005674        0xe C:/ncs/v2.4.0/nrfxlib/mpsl/lib/cortex-m33+nodsp/soft-float/libmpsl.a(libmpsl_debug_soft__obfuscated.elf)
                0x0000000001005674                sym_K27LNRXEE7HXLOB6ANRAZAL5UKZYP4WXS7EA7XI
 .text          0x0000000001005682       0x46 C:/ncs/v2.4.0/nrfxlib/mpsl/lib/cortex-m33+nodsp/soft-float/libmpsl.a(libmpsl_debug_soft__obfuscated.elf)
                0x0000000001005682                sym_NSB5Z4D72O5VWEUXZVDQIBPNQ5UV64KEO7NVTOQ
 .text          0x00000000010056c8       0x60 C:/ncs/v2.4.0/nrfxlib/mpsl/lib/cortex-m33+nodsp/soft-float/libmpsl.a(libmpsl_debug_soft__obfuscated.elf)
 .text          0x0000000001005728        0x2 C:/ncs/v2.4.0/nrfxlib/mpsl/lib/cortex-m33+nodsp/soft-float/libmpsl.a(libmpsl_debug_soft__obfuscated.elf)
                0x0000000001005728                sym_CYPFJQT7BJKE7MOREHIKZCNLQC7DT5MGP65YPPA
 .text          0x000000000100572a        0x4 C:/ncs/v2.4.0/nrfxlib/mpsl/lib/cortex-m33+nodsp/soft-float/libmpsl.a(libmpsl_debug_soft__obfuscated.elf)
                0x000000000100572a                sym_ZVPG4TIQ5MT5FAAK2XBB72FQGWEAY4OLYK2YDKY
 *(SORT_BY_ALIGNMENT(.text.*))
 *fill*         0x000000000100572e        0x2 
 .text.char_out
                0x0000000001005730        0xc zephyr/libzephyr.a(printk.c.obj)
 .text.vprintk  0x000000000100573c       0x1c zephyr/libzephyr.a(printk.c.obj)
                0x000000000100573c                vprintk
 .text.process_event
                0x0000000001005758      0x21c zephyr/libzephyr.a(onoff.c.obj)
 .text.z_cbvprintf_impl
                0x0000000001005974      0x764 zephyr/libzephyr.a(cbprintf_complete.c.obj)
                0x0000000001005974                z_cbvprintf_impl
 .text.nordicsemi_nrf53_init
                0x00000000010060d8       0x28 zephyr/libzephyr.a(soc.c.obj)
 .text.z_arm_on_enter_cpu_idle
                0x0000000001006100       0x68 zephyr/libzephyr.a(soc.c.obj)
                0x0000000001006100                z_arm_on_enter_cpu_idle
 .text.z_arm_platform_init
                0x0000000001006168        0x4 zephyr/libzephyr.a(soc_nrf_common.S.obj)
                0x0000000001006168                z_arm_platform_init
 .text.advertise_ept
                0x000000000100616c       0x44 zephyr/libzephyr.a(ipc_rpmsg_static_vrings.c.obj)
 .text.get_ept  0x00000000010061b0       0x28 zephyr/libzephyr.a(ipc_rpmsg_static_vrings.c.obj)
 .text.open     0x00000000010061d8      0x1b8 zephyr/libzephyr.a(ipc_rpmsg_static_vrings.c.obj)
 .text.close    0x0000000001006390       0xc4 zephyr/libzephyr.a(ipc_rpmsg_static_vrings.c.obj)
 .text.bound_cb
                0x0000000001006454       0x30 zephyr/libzephyr.a(ipc_rpmsg_static_vrings.c.obj)
 .text.send     0x0000000001006484       0x4c zephyr/libzephyr.a(ipc_rpmsg_static_vrings.c.obj)
 .text.register_ept
                0x00000000010064d0       0xe0 zephyr/libzephyr.a(ipc_rpmsg_static_vrings.c.obj)
 .text.ns_bind_cb
                0x00000000010065b0       0x6c zephyr/libzephyr.a(ipc_rpmsg.c.obj)
 .text.ipc_rpmsg_register_ept
                0x000000000100661c       0x3c zephyr/libzephyr.a(ipc_rpmsg.c.obj)
                0x000000000100661c                ipc_rpmsg_register_ept
 .text.ipc_rpmsg_init
                0x0000000001006658       0x70 zephyr/libzephyr.a(ipc_rpmsg.c.obj)
                0x0000000001006658                ipc_rpmsg_init
 .text.ipc_static_vrings_init
                0x00000000010066c8      0x104 zephyr/libzephyr.a(ipc_static_vrings.c.obj)
                0x00000000010066c8                ipc_static_vrings_init
 .text.z_isr_install
                0x00000000010067cc       0x14 zephyr/arch/common/libarch__common.a(sw_isr_common.c.obj)
                0x00000000010067cc                z_isr_install
 .text.z_arm_cpu_idle_init
                0x00000000010067e0        0xc zephyr/arch/arch/arm/core/aarch32/libarch__arm__core__aarch32.a(cpu_idle.S.obj)
                0x00000000010067e0                z_arm_cpu_idle_init
 .text.arch_cpu_idle
                0x00000000010067ec       0x28 zephyr/arch/arch/arm/core/aarch32/libarch__arm__core__aarch32.a(cpu_idle.S.obj)
                0x00000000010067ec                arch_cpu_idle
 .text.arch_cpu_atomic_idle
                0x0000000001006814       0x24 zephyr/arch/arch/arm/core/aarch32/libarch__arm__core__aarch32.a(cpu_idle.S.obj)
                0x0000000001006814                arch_cpu_atomic_idle
 .text.arch_irq_enable
                0x0000000001006838       0x1c zephyr/arch/arch/arm/core/aarch32/libarch__arm__core__aarch32.a(irq_manage.c.obj)
                0x0000000001006838                arch_irq_enable
 .text.arch_irq_disable
                0x0000000001006854       0x28 zephyr/arch/arch/arm/core/aarch32/libarch__arm__core__aarch32.a(irq_manage.c.obj)
                0x0000000001006854                arch_irq_disable
 .text.arch_irq_is_enabled
                0x000000000100687c       0x1c zephyr/arch/arch/arm/core/aarch32/libarch__arm__core__aarch32.a(irq_manage.c.obj)
                0x000000000100687c                arch_irq_is_enabled
 .text.z_arm_irq_priority_set
                0x0000000001006898       0x34 zephyr/arch/arch/arm/core/aarch32/libarch__arm__core__aarch32.a(irq_manage.c.obj)
                0x0000000001006898                z_arm_irq_priority_set
 .text.z_SysNmiOnReset
                0x00000000010068cc        0x8 zephyr/arch/arch/arm/core/aarch32/libarch__arm__core__aarch32.a(nmi_on_reset.S.obj)
                0x00000000010068cc                z_SysNmiOnReset
 .text.z_arm_prep_c
                0x00000000010068d4       0x2c zephyr/arch/arch/arm/core/aarch32/libarch__arm__core__aarch32.a(prep_c.c.obj)
                0x00000000010068d4                z_arm_prep_c
 .text.arch_swap
                0x0000000001006900       0x34 zephyr/arch/arch/arm/core/aarch32/libarch__arm__core__aarch32.a(swap.c.obj)
                0x0000000001006900                arch_swap
 .text.z_arm_pendsv
                0x0000000001006934       0x58 zephyr/arch/arch/arm/core/aarch32/libarch__arm__core__aarch32.a(swap_helper.S.obj)
                0x0000000001006934                z_arm_pendsv
 .text.z_arm_svc
                0x000000000100698c       0x20 zephyr/arch/arch/arm/core/aarch32/libarch__arm__core__aarch32.a(swap_helper.S.obj)
                0x000000000100698c                z_arm_svc
 .text.arch_new_thread
                0x00000000010069ac       0x38 zephyr/arch/arch/arm/core/aarch32/libarch__arm__core__aarch32.a(thread.c.obj)
                0x00000000010069ac                arch_new_thread
 .text.arch_switch_to_main_thread
                0x00000000010069e4       0x28 zephyr/arch/arch/arm/core/aarch32/libarch__arm__core__aarch32.a(thread.c.obj)
                0x00000000010069e4                arch_switch_to_main_thread
 .text._isr_wrapper
                0x0000000001006a0c       0x28 zephyr/arch/arch/arm/core/aarch32/libarch__arm__core__aarch32.a(isr_wrapper.S.obj)
                0x0000000001006a0c                _isr_wrapper
 .text._HandlerModeExit
                0x0000000001006a34       0x1c zephyr/arch/arch/arm/core/aarch32/cortex_m/libarch__arm__core__aarch32__cortex_m.a(exc_exit.S.obj)
                0x0000000001006a34                z_arm_int_exit
                0x0000000001006a34                z_arm_exc_exit
 .text.usage_fault.constprop.0
                0x0000000001006a50       0x5c zephyr/arch/arch/arm/core/aarch32/cortex_m/libarch__arm__core__aarch32__cortex_m.a(fault.c.obj)
 .text.bus_fault.constprop.0
                0x0000000001006aac       0x60 zephyr/arch/arch/arm/core/aarch32/cortex_m/libarch__arm__core__aarch32__cortex_m.a(fault.c.obj)
 .text.mem_manage_fault.constprop.0
                0x0000000001006b0c       0x5c zephyr/arch/arch/arm/core/aarch32/cortex_m/libarch__arm__core__aarch32__cortex_m.a(fault.c.obj)
 .text.z_arm_fault
                0x0000000001006b68      0x118 zephyr/arch/arch/arm/core/aarch32/cortex_m/libarch__arm__core__aarch32__cortex_m.a(fault.c.obj)
                0x0000000001006b68                z_arm_fault
 .text.z_arm_fault_init
                0x0000000001006c80       0x18 zephyr/arch/arch/arm/core/aarch32/cortex_m/libarch__arm__core__aarch32__cortex_m.a(fault.c.obj)
                0x0000000001006c80                z_arm_fault_init
 .text.__fault  0x0000000001006c98       0x14 zephyr/arch/arch/arm/core/aarch32/cortex_m/libarch__arm__core__aarch32__cortex_m.a(fault_s.S.obj)
                0x0000000001006c98                z_arm_usage_fault
                0x0000000001006c98                z_arm_mpu_fault
                0x0000000001006c98                z_arm_exc_spurious
                0x0000000001006c98                z_arm_debug_monitor
                0x0000000001006c98                z_arm_hard_fault
                0x0000000001006c98                z_arm_bus_fault
 .text.z_arm_interrupt_init
                0x0000000001006cac       0x18 zephyr/arch/arch/arm/core/aarch32/cortex_m/libarch__arm__core__aarch32__cortex_m.a(irq_init.c.obj)
                0x0000000001006cac                z_arm_interrupt_init
 .text._reset_section
                0x0000000001006cc4       0x60 zephyr/arch/arch/arm/core/aarch32/cortex_m/libarch__arm__core__aarch32__cortex_m.a(reset.S.obj)
                0x0000000001006cc4                __start
                0x0000000001006cc4                z_arm_reset
 .text.sys_arch_reboot
                0x0000000001006d24       0x24 zephyr/arch/arch/arm/core/aarch32/cortex_m/libarch__arm__core__aarch32__cortex_m.a(scb.c.obj)
                0x0000000001006d24                sys_arch_reboot
 .text.z_arm_clear_arm_mpu_config
                0x0000000001006d48       0x24 zephyr/arch/arch/arm/core/aarch32/cortex_m/libarch__arm__core__aarch32__cortex_m.a(scb.c.obj)
                0x0000000001006d48                z_arm_clear_arm_mpu_config
 .text.z_arm_init_arch_hw_at_boot
                0x0000000001006d6c       0x4c zephyr/arch/arch/arm/core/aarch32/cortex_m/libarch__arm__core__aarch32__cortex_m.a(scb.c.obj)
                0x0000000001006d6c                z_arm_init_arch_hw_at_boot
 .text.z_impl_k_thread_abort
                0x0000000001006db8       0x2c zephyr/arch/arch/arm/core/aarch32/cortex_m/libarch__arm__core__aarch32__cortex_m.a(thread_abort.c.obj)
                0x0000000001006db8                z_impl_k_thread_abort
 .text.z_arm_configure_static_mpu_regions
                0x0000000001006de4       0x38 zephyr/arch/arch/arm/core/aarch32/mpu/libarch__arm__core__aarch32__mpu.a(arm_core_mpu.c.obj)
                0x0000000001006de4                z_arm_configure_static_mpu_regions
 .text.region_init
                0x0000000001006e1c       0x34 zephyr/arch/arch/arm/core/aarch32/mpu/libarch__arm__core__aarch32__mpu.a(arm_mpu.c.obj)
 .text.mpu_configure_regions_and_partition.constprop.0
                0x0000000001006e50      0x14c zephyr/arch/arch/arm/core/aarch32/mpu/libarch__arm__core__aarch32__mpu.a(arm_mpu.c.obj)
 .text.arm_core_mpu_enable
                0x0000000001006f9c       0x18 zephyr/arch/arch/arm/core/aarch32/mpu/libarch__arm__core__aarch32__mpu.a(arm_mpu.c.obj)
                0x0000000001006f9c                arm_core_mpu_enable
 .text.arm_core_mpu_disable
                0x0000000001006fb4       0x14 zephyr/arch/arch/arm/core/aarch32/mpu/libarch__arm__core__aarch32__mpu.a(arm_mpu.c.obj)
                0x0000000001006fb4                arm_core_mpu_disable
 .text.arm_core_mpu_configure_static_mpu_regions
                0x0000000001006fc8       0x14 zephyr/arch/arch/arm/core/aarch32/mpu/libarch__arm__core__aarch32__mpu.a(arm_mpu.c.obj)
                0x0000000001006fc8                arm_core_mpu_configure_static_mpu_regions
 .text.arm_core_mpu_mark_areas_for_dynamic_regions
                0x0000000001006fdc       0xb8 zephyr/arch/arch/arm/core/aarch32/mpu/libarch__arm__core__aarch32__mpu.a(arm_mpu.c.obj)
                0x0000000001006fdc                arm_core_mpu_mark_areas_for_dynamic_regions
 .text.z_arm_mpu_init
                0x0000000001007094       0x4c zephyr/arch/arch/arm/core/aarch32/mpu/libarch__arm__core__aarch32__mpu.a(arm_mpu.c.obj)
                0x0000000001007094                z_arm_mpu_init
 .text.onoff_stop
                0x00000000010070e0       0x30 zephyr/drivers/clock_control/libdrivers__clock_control.a(clock_control_nrf.c.obj)
 .text.onoff_start
                0x0000000001007110       0x44 zephyr/drivers/clock_control/libdrivers__clock_control.a(clock_control_nrf.c.obj)
 .text.clk_init
                0x0000000001007154       0x58 zephyr/drivers/clock_control/libdrivers__clock_control.a(clock_control_nrf.c.obj)
 .text.clkstarted_handle.constprop.0
                0x00000000010071ac       0x34 zephyr/drivers/clock_control/libdrivers__clock_control.a(clock_control_nrf.c.obj)
 .text.clock_event_handler
                0x00000000010071e0       0x1c zephyr/drivers/clock_control/libdrivers__clock_control.a(clock_control_nrf.c.obj)
 .text.generic_hfclk_start
                0x00000000010071fc       0x64 zephyr/drivers/clock_control/libdrivers__clock_control.a(clock_control_nrf.c.obj)
 .text.api_blocking_start
                0x0000000001007260       0x34 zephyr/drivers/clock_control/libdrivers__clock_control.a(clock_control_nrf.c.obj)
 .text.generic_hfclk_stop
                0x0000000001007294       0x34 zephyr/drivers/clock_control/libdrivers__clock_control.a(clock_control_nrf.c.obj)
 .text.z_nrf_clock_control_get_onoff
                0x00000000010072c8       0x10 zephyr/drivers/clock_control/libdrivers__clock_control.a(clock_control_nrf.c.obj)
                0x00000000010072c8                z_nrf_clock_control_get_onoff
 .text.z_nrf_clock_control_lf_on
                0x00000000010072d8       0xf8 zephyr/drivers/clock_control/libdrivers__clock_control.a(clock_control_nrf.c.obj)
                0x00000000010072d8                z_nrf_clock_control_lf_on
 .text.random_byte_get
                0x00000000010073d0       0x3c zephyr/drivers/entropy/libdrivers__entropy.a(entropy_nrf5.c.obj)
 .text.rng_pool_get
                0x000000000100740c       0x8c zephyr/drivers/entropy/libdrivers__entropy.a(entropy_nrf5.c.obj)
 .text.entropy_nrf5_get_entropy_isr
                0x0000000001007498       0xac zephyr/drivers/entropy/libdrivers__entropy.a(entropy_nrf5.c.obj)
 .text.entropy_nrf5_get_entropy
                0x0000000001007544       0x58 zephyr/drivers/entropy/libdrivers__entropy.a(entropy_nrf5.c.obj)
 .text.entropy_nrf5_init
                0x000000000100759c       0x6c zephyr/drivers/entropy/libdrivers__entropy.a(entropy_nrf5.c.obj)
 .text.isr      0x0000000001007608       0x74 zephyr/drivers/entropy/libdrivers__entropy.a(entropy_nrf5.c.obj)
 .text.gpio_nrfx_pin_interrupt_configure
                0x000000000100767c       0xd8 zephyr/drivers/gpio/libdrivers__gpio.a(gpio_nrfx.c.obj)
 .text.gpio_nrfx_init
                0x0000000001007754       0x38 zephyr/drivers/gpio/libdrivers__gpio.a(gpio_nrfx.c.obj)
 .text.nrfx_gpio_handler
                0x000000000100778c       0x4c zephyr/drivers/gpio/libdrivers__gpio.a(gpio_nrfx.c.obj)
 .text.gpio_nrfx_pin_configure
                0x00000000010077d8      0x124 zephyr/drivers/gpio/libdrivers__gpio.a(gpio_nrfx.c.obj)
 .text.mbox_nrf_init
                0x00000000010078fc       0x6c zephyr/drivers/mbox/libdrivers__mbox.a(mbox_nrfx_ipc.c.obj)
 .text.compare_int_lock
                0x0000000001007968       0x40 zephyr/drivers/timer/libdrivers__timer.a(nrf_rtc_timer.c.obj)
 .text.sys_clock_timeout_handler
                0x00000000010079a8       0x48 zephyr/drivers/timer/libdrivers__timer.a(nrf_rtc_timer.c.obj)
 .text.compare_int_unlock
                0x00000000010079f0       0x4c zephyr/drivers/timer/libdrivers__timer.a(nrf_rtc_timer.c.obj)
 .text.z_nrf_rtc_timer_compare_evt_address_get
                0x0000000001007a3c       0x10 zephyr/drivers/timer/libdrivers__timer.a(nrf_rtc_timer.c.obj)
                0x0000000001007a3c                z_nrf_rtc_timer_compare_evt_address_get
 .text.z_nrf_rtc_timer_abort
                0x0000000001007a4c       0x58 zephyr/drivers/timer/libdrivers__timer.a(nrf_rtc_timer.c.obj)
                0x0000000001007a4c                z_nrf_rtc_timer_abort
 .text.z_nrf_rtc_timer_read
                0x0000000001007aa4       0x44 zephyr/drivers/timer/libdrivers__timer.a(nrf_rtc_timer.c.obj)
                0x0000000001007aa4                z_nrf_rtc_timer_read
 .text.compare_set
                0x0000000001007ae8      0x114 zephyr/drivers/timer/libdrivers__timer.a(nrf_rtc_timer.c.obj)
 .text.sys_clock_driver_init
                0x0000000001007bfc       0xbc zephyr/drivers/timer/libdrivers__timer.a(nrf_rtc_timer.c.obj)
 .text.rtc_nrf_isr
                0x0000000001007cb8       0xec zephyr/drivers/timer/libdrivers__timer.a(nrf_rtc_timer.c.obj)
                0x0000000001007cb8                rtc_nrf_isr
 .text.z_nrf_rtc_timer_chan_alloc
                0x0000000001007da4       0x3c zephyr/drivers/timer/libdrivers__timer.a(nrf_rtc_timer.c.obj)
                0x0000000001007da4                z_nrf_rtc_timer_chan_alloc
 .text.sys_clock_set_timeout
                0x0000000001007de0       0x64 zephyr/drivers/timer/libdrivers__timer.a(nrf_rtc_timer.c.obj)
                0x0000000001007de0                sys_clock_set_timeout
 .text.sys_clock_elapsed
                0x0000000001007e44       0x14 zephyr/drivers/timer/libdrivers__timer.a(nrf_rtc_timer.c.obj)
                0x0000000001007e44                sys_clock_elapsed
 .text.multithreading_lock_acquire
                0x0000000001007e58       0x10 modules/nrf/lib/multithreading_lock/lib..__nrf__lib__multithreading_lock.a(multithreading_lock.c.obj)
                0x0000000001007e58                multithreading_lock_acquire
 .text.multithreading_lock_release
                0x0000000001007e68        0xc modules/nrf/lib/multithreading_lock/lib..__nrf__lib__multithreading_lock.a(multithreading_lock.c.obj)
                0x0000000001007e68                multithreading_lock_release
 .text.mpsl_low_prio_irq_handler
                0x0000000001007e74       0x10 modules/nrf/subsys/mpsl/init/lib..__nrf__subsys__mpsl__init.a(mpsl_init.c.obj)
 .text.mpsl_lib_init_sys
                0x0000000001007e84       0x50 modules/nrf/subsys/mpsl/init/lib..__nrf__subsys__mpsl__init.a(mpsl_init.c.obj)
 .text.mpsl_low_prio_init
                0x0000000001007ed4       0x4c modules/nrf/subsys/mpsl/init/lib..__nrf__subsys__mpsl__init.a(mpsl_init.c.obj)
 .text.mpsl_hfclk_callback
                0x0000000001007f20        0xc modules/nrf/drivers/mpsl/clock_control/lib..__nrf__drivers__mpsl__clock_control.a(nrfx_clock_mpsl.c.obj)
 .text.nrfx_clock_start
                0x0000000001007f2c       0x20 modules/nrf/drivers/mpsl/clock_control/lib..__nrf__drivers__mpsl__clock_control.a(nrfx_clock_mpsl.c.obj)
                0x0000000001007f2c                nrfx_clock_start
 .text.nrfx_clock_init
                0x0000000001007f4c       0x10 modules/nrf/drivers/mpsl/clock_control/lib..__nrf__drivers__mpsl__clock_control.a(nrfx_clock_mpsl.c.obj)
                0x0000000001007f4c                nrfx_clock_init
 .text.temp_nrf5_mpsl_channel_get
                0x0000000001007f5c       0x3c modules/nrf/drivers/mpsl/temp_nrf5/lib..__nrf__drivers__mpsl__temp_nrf5.a(temp_nrf5_mpsl.c.obj)
 .text.nrf_802154_random_init
                0x0000000001007f98       0x24 modules/hal_nordic/nrf_802154/libnrf-802154-platform.a(nrf_802154_random_zephyr.c.obj)
                0x0000000001007f98                nrf_802154_random_init
 .text.nrf_802154_random_get
                0x0000000001007fbc       0x18 modules/hal_nordic/nrf_802154/libnrf-802154-platform.a(nrf_802154_random_zephyr.c.obj)
                0x0000000001007fbc                nrf_802154_random_get
 .text.nrf_802154_clock_hfclk_start
                0x0000000001007fd4       0x28 modules/hal_nordic/nrf_802154/libnrf-802154-platform.a(nrf_802154_clock_zephyr.c.obj)
                0x0000000001007fd4                nrf_802154_clock_hfclk_start
 .text.nrf_802154_clock_hfclk_stop
                0x0000000001007ffc       0x2c modules/hal_nordic/nrf_802154/libnrf-802154-platform.a(nrf_802154_clock_zephyr.c.obj)
                0x0000000001007ffc                nrf_802154_clock_hfclk_stop
 .text.hfclk_on_callback
                0x0000000001008028       0x14 modules/hal_nordic/nrf_802154/libnrf-802154-platform.a(nrf_802154_clock_zephyr.c.obj)
 .text.nrf_802154_irq_set_pending
                0x000000000100803c       0x20 modules/hal_nordic/nrf_802154/libnrf-802154-platform.a(nrf_802154_irq_zephyr.c.obj)
                0x000000000100803c                nrf_802154_irq_set_pending
 .text.nrf_802154_irq_clear_pending
                0x000000000100805c       0x20 modules/hal_nordic/nrf_802154/libnrf-802154-platform.a(nrf_802154_irq_zephyr.c.obj)
                0x000000000100805c                nrf_802154_irq_clear_pending
 .text.nrf_802154_irq_priority_get
                0x000000000100807c       0x24 modules/hal_nordic/nrf_802154/libnrf-802154-platform.a(nrf_802154_irq_zephyr.c.obj)
                0x000000000100807c                nrf_802154_irq_priority_get
 .text.temperature_update_init
                0x00000000010080a0       0x24 modules/hal_nordic/nrf_802154/libnrf-802154-platform.a(nrf_802154_temperature_zephyr.c.obj)
 .text.work_handler
                0x00000000010080c4       0x4c modules/hal_nordic/nrf_802154/libnrf-802154-platform.a(nrf_802154_temperature_zephyr.c.obj)
 .text.nrf_802154_temperature_get
                0x0000000001008110        0xc modules/hal_nordic/nrf_802154/libnrf-802154-platform.a(nrf_802154_temperature_zephyr.c.obj)
                0x0000000001008110                nrf_802154_temperature_get
 .text.spinel_packet_send_thread_fn
                0x000000000100811c       0x5c modules/hal_nordic/nrf_802154/libnrf-802154-platform.a(nrf_802154_spinel_backend_ipc.c.obj)
 .text.endpoint_bound
                0x0000000001008178        0xc modules/hal_nordic/nrf_802154/libnrf-802154-platform.a(nrf_802154_spinel_backend_ipc.c.obj)
 .text.nrf_802154_backend_init
                0x0000000001008184       0x48 modules/hal_nordic/nrf_802154/libnrf-802154-platform.a(nrf_802154_spinel_backend_ipc.c.obj)
                0x0000000001008184                nrf_802154_backend_init
 .text.nrf_802154_spinel_encoded_packet_send
                0x00000000010081cc       0x6c modules/hal_nordic/nrf_802154/libnrf-802154-platform.a(nrf_802154_spinel_backend_ipc.c.obj)
                0x00000000010081cc                nrf_802154_spinel_encoded_packet_send
 .text.nrf_802154_spinel_response_notifier_init
                0x0000000001008238       0x18 modules/hal_nordic/nrf_802154/libnrf-802154-platform.a(nrf_802154_spinel_response_notifier.c.obj)
                0x0000000001008238                nrf_802154_spinel_response_notifier_init
 .text.nrf_802154_hp_timer_init
                0x0000000001008250       0x28 modules/hal_nordic/nrf_802154/libnrf-802154-platform.a(nrf_802154_hp_timer.c.obj)
                0x0000000001008250                nrf_802154_hp_timer_init
 .text.nrf_802154_hp_timer_start
                0x0000000001008278        0xc modules/hal_nordic/nrf_802154/libnrf-802154-platform.a(nrf_802154_hp_timer.c.obj)
                0x0000000001008278                nrf_802154_hp_timer_start
 .text.nrf_802154_hp_timer_stop
                0x0000000001008284        0xc modules/hal_nordic/nrf_802154/libnrf-802154-platform.a(nrf_802154_hp_timer.c.obj)
                0x0000000001008284                nrf_802154_hp_timer_stop
 .text.nrf_802154_hp_timer_sync_task_get
                0x0000000001008290        0x8 modules/hal_nordic/nrf_802154/libnrf-802154-platform.a(nrf_802154_hp_timer.c.obj)
                0x0000000001008290                nrf_802154_hp_timer_sync_task_get
 .text.nrf_802154_hp_timer_sync_prepare
                0x0000000001008298       0x20 modules/hal_nordic/nrf_802154/libnrf-802154-platform.a(nrf_802154_hp_timer.c.obj)
                0x0000000001008298                nrf_802154_hp_timer_sync_prepare
 .text.nrf_802154_hp_timer_sync_time_get
                0x00000000010082b8       0x20 modules/hal_nordic/nrf_802154/libnrf-802154-platform.a(nrf_802154_hp_timer.c.obj)
                0x00000000010082b8                nrf_802154_hp_timer_sync_time_get
 .text.nrf_802154_hp_timer_timestamp_task_get
                0x00000000010082d8        0x8 modules/hal_nordic/nrf_802154/libnrf-802154-platform.a(nrf_802154_hp_timer.c.obj)
                0x00000000010082d8                nrf_802154_hp_timer_timestamp_task_get
 .text.nrf_802154_hp_timer_timestamp_get
                0x00000000010082e0        0xc modules/hal_nordic/nrf_802154/libnrf-802154-platform.a(nrf_802154_hp_timer.c.obj)
                0x00000000010082e0                nrf_802154_hp_timer_timestamp_get
 .text.sync_timer_handler
                0x00000000010082ec       0x14 modules/hal_nordic/nrf_802154/libnrf-802154-platform.a(nrf_802154_platform_sl_lptimer_zephyr.c.obj)
                0x00000000010082ec                sync_timer_handler
 .text.nrf_802154_platform_sl_lp_timer_init
                0x0000000001008300       0x4c modules/hal_nordic/nrf_802154/libnrf-802154-platform.a(nrf_802154_platform_sl_lptimer_zephyr.c.obj)
                0x0000000001008300                nrf_802154_platform_sl_lp_timer_init
 .text.nrf_802154_platform_sl_lptimer_schedule_at
                0x000000000100834c       0x10 modules/hal_nordic/nrf_802154/libnrf-802154-platform.a(nrf_802154_platform_sl_lptimer_zephyr.c.obj)
                0x000000000100834c                nrf_802154_platform_sl_lptimer_schedule_at
 .text.nrf_802154_platform_sl_lptimer_disable
                0x000000000100835c        0xc modules/hal_nordic/nrf_802154/libnrf-802154-platform.a(nrf_802154_platform_sl_lptimer_zephyr.c.obj)
                0x000000000100835c                nrf_802154_platform_sl_lptimer_disable
 .text.nrf_802154_platform_sl_lptimer_critical_section_enter
                0x0000000001008368       0x38 modules/hal_nordic/nrf_802154/libnrf-802154-platform.a(nrf_802154_platform_sl_lptimer_zephyr.c.obj)
                0x0000000001008368                nrf_802154_platform_sl_lptimer_critical_section_enter
 .text.nrf_802154_platform_sl_lptimer_critical_section_exit
                0x00000000010083a0       0x40 modules/hal_nordic/nrf_802154/libnrf-802154-platform.a(nrf_802154_platform_sl_lptimer_zephyr.c.obj)
                0x00000000010083a0                nrf_802154_platform_sl_lptimer_critical_section_exit
 .text.nrf_802154_platform_sl_lptimer_sync_schedule_now
                0x00000000010083e0       0x1c modules/hal_nordic/nrf_802154/libnrf-802154-platform.a(nrf_802154_platform_sl_lptimer_zephyr.c.obj)
                0x00000000010083e0                nrf_802154_platform_sl_lptimer_sync_schedule_now
 .text.nrf_802154_platform_sl_lptimer_sync_schedule_at
                0x00000000010083fc       0x10 modules/hal_nordic/nrf_802154/libnrf-802154-platform.a(nrf_802154_platform_sl_lptimer_zephyr.c.obj)
                0x00000000010083fc                nrf_802154_platform_sl_lptimer_sync_schedule_at
 .text.nrf_802154_platform_sl_lptimer_sync_abort
                0x000000000100840c        0xc modules/hal_nordic/nrf_802154/libnrf-802154-platform.a(nrf_802154_platform_sl_lptimer_zephyr.c.obj)
                0x000000000100840c                nrf_802154_platform_sl_lptimer_sync_abort
 .text.nrf_802154_platform_sl_lptimer_sync_event_get
                0x0000000001008418        0xc modules/hal_nordic/nrf_802154/libnrf-802154-platform.a(nrf_802154_platform_sl_lptimer_zephyr.c.obj)
                0x0000000001008418                nrf_802154_platform_sl_lptimer_sync_event_get
 .text.nrf_802154_platform_sl_lptimer_sync_lpticks_get
                0x0000000001008424        0xc modules/hal_nordic/nrf_802154/libnrf-802154-platform.a(nrf_802154_platform_sl_lptimer_zephyr.c.obj)
                0x0000000001008424                nrf_802154_platform_sl_lptimer_sync_lpticks_get
 .text.nrf_802154_platform_sl_lptimer_hw_task_prepare
                0x0000000001008430      0x118 modules/hal_nordic/nrf_802154/libnrf-802154-platform.a(nrf_802154_platform_sl_lptimer_zephyr.c.obj)
                0x0000000001008430                nrf_802154_platform_sl_lptimer_hw_task_prepare
 .text.nrf_802154_platform_sl_lptimer_hw_task_cleanup
                0x0000000001008548       0x50 modules/hal_nordic/nrf_802154/libnrf-802154-platform.a(nrf_802154_platform_sl_lptimer_zephyr.c.obj)
                0x0000000001008548                nrf_802154_platform_sl_lptimer_hw_task_cleanup
 .text.nrf_802154_platform_sl_lptimer_hw_task_update_ppi
                0x0000000001008598       0x74 modules/hal_nordic/nrf_802154/libnrf-802154-platform.a(nrf_802154_platform_sl_lptimer_zephyr.c.obj)
                0x0000000001008598                nrf_802154_platform_sl_lptimer_hw_task_update_ppi
 .text.nrf_802154_init
                0x000000000100860c       0x5c modules/nrfxlib/nrf_802154/nrf_802154/driver/libnrf-802154-driver.a(nrf_802154.c.obj)
                0x000000000100860c                nrf_802154_init
 .text.nrf_802154_transmit_raw
                0x0000000001008668       0x5c modules/nrfxlib/nrf_802154/nrf_802154/driver/libnrf-802154-driver.a(nrf_802154.c.obj)
                0x0000000001008668                nrf_802154_transmit_raw
 .text.nrf_802154_transmit_csma_ca_raw
                0x00000000010086c4       0x24 modules/nrfxlib/nrf_802154/nrf_802154/driver/libnrf-802154-driver.a(nrf_802154.c.obj)
                0x00000000010086c4                nrf_802154_transmit_csma_ca_raw
 .text.nrf_802154_received_raw
                0x00000000010086e8       0x24 modules/nrfxlib/nrf_802154/nrf_802154/driver/libnrf-802154-driver.a(nrf_802154.c.obj)
                0x00000000010086e8                nrf_802154_received_raw
 .text.rx_buffer_is_available
                0x000000000100870c       0x14 modules/nrfxlib/nrf_802154/nrf_802154/driver/libnrf-802154-driver.a(nrf_802154_core.c.obj)
 .text.rx_buffer_get
                0x0000000001008720       0x14 modules/nrfxlib/nrf_802154/nrf_802154/driver/libnrf-802154-driver.a(nrf_802154_core.c.obj)
 .text.min_required_rsch_prio
                0x0000000001008734       0x34 modules/nrfxlib/nrf_802154/nrf_802154/driver/libnrf-802154-driver.a(nrf_802154_core.c.obj)
 .text.are_preconditions_met
                0x0000000001008768       0x24 modules/nrfxlib/nrf_802154/nrf_802154/driver/libnrf-802154-driver.a(nrf_802154_core.c.obj)
 .text.sleep_init
                0x000000000100878c       0x10 modules/nrfxlib/nrf_802154/nrf_802154/driver/libnrf-802154-driver.a(nrf_802154_core.c.obj)
 .text.receive_failed_notify
                0x000000000100879c       0x20 modules/nrfxlib/nrf_802154/nrf_802154/driver/libnrf-802154-driver.a(nrf_802154_core.c.obj)
 .text.received_frame_notify_and_nesting_allow
                0x00000000010087bc       0x28 modules/nrfxlib/nrf_802154/nrf_802154/driver/libnrf-802154-driver.a(nrf_802154_core.c.obj)
 .text.state_set
                0x00000000010087e4        0xc modules/nrfxlib/nrf_802154/nrf_802154/driver/libnrf-802154-driver.a(nrf_802154_core.c.obj)
 .text.transmit_failed_notify_and_nesting_allow
                0x00000000010087f0       0x24 modules/nrfxlib/nrf_802154/nrf_802154/driver/libnrf-802154-driver.a(nrf_802154_core.c.obj)
 .text.rx_data_clear
                0x0000000001008814       0x18 modules/nrfxlib/nrf_802154/nrf_802154/driver/libnrf-802154-driver.a(nrf_802154_core.c.obj)
 .text.tx_init  0x000000000100882c       0x94 modules/nrfxlib/nrf_802154/nrf_802154/driver/libnrf-802154-driver.a(nrf_802154_core.c.obj)
 .text.critical_section_can_be_processed_now
                0x00000000010088c0       0x20 modules/nrfxlib/nrf_802154/nrf_802154/driver/libnrf-802154-driver.a(nrf_802154_core.c.obj)
 .text.on_rx_prestarted_timeout
                0x00000000010088e0       0x54 modules/nrfxlib/nrf_802154/nrf_802154/driver/libnrf-802154-driver.a(nrf_802154_core.c.obj)
 .text.transmitted_frame_notify
                0x0000000001008934       0x5c modules/nrfxlib/nrf_802154/nrf_802154/driver/libnrf-802154-driver.a(nrf_802154_core.c.obj)
 .text.rx_init  0x0000000001008990       0x98 modules/nrfxlib/nrf_802154/nrf_802154/driver/libnrf-802154-driver.a(nrf_802154_core.c.obj)
 .text.on_bad_ack
                0x0000000001008a28       0x38 modules/nrfxlib/nrf_802154/nrf_802154/driver/libnrf-802154-driver.a(nrf_802154_core.c.obj)
 .text.cca_init
                0x0000000001008a60       0x24 modules/nrfxlib/nrf_802154/nrf_802154/driver/libnrf-802154-driver.a(nrf_802154_core.c.obj)
 .text.ed_init  0x0000000001008a84       0x50 modules/nrfxlib/nrf_802154/nrf_802154/driver/libnrf-802154-driver.a(nrf_802154_core.c.obj)
 .text.on_preconditions_approved
                0x0000000001008ad4       0x50 modules/nrfxlib/nrf_802154/nrf_802154/driver/libnrf-802154-driver.a(nrf_802154_core.c.obj)
 .text.operation_terminated_notify
                0x0000000001008b24       0xa8 modules/nrfxlib/nrf_802154/nrf_802154/driver/libnrf-802154-driver.a(nrf_802154_core.c.obj)
 .text.current_operation_terminate
                0x0000000001008bcc       0x9c modules/nrfxlib/nrf_802154/nrf_802154/driver/libnrf-802154-driver.a(nrf_802154_core.c.obj)
 .text.core_receive
                0x0000000001008c68       0x5c modules/nrfxlib/nrf_802154/nrf_802154/driver/libnrf-802154-driver.a(nrf_802154_core.c.obj)
 .text.nrf_802154_rsch_crit_sect_prio_changed
                0x0000000001008cc4      0x1b4 modules/nrfxlib/nrf_802154/nrf_802154/driver/libnrf-802154-driver.a(nrf_802154_core.c.obj)
                0x0000000001008cc4                nrf_802154_rsch_crit_sect_prio_changed
 .text.nrf_802154_trx_receive_frame_prestarted
                0x0000000001008e78       0x80 modules/nrfxlib/nrf_802154/nrf_802154/driver/libnrf-802154-driver.a(nrf_802154_core.c.obj)
                0x0000000001008e78                nrf_802154_trx_receive_frame_prestarted
 .text.nrf_802154_trx_receive_frame_started
                0x0000000001008ef8       0x60 modules/nrfxlib/nrf_802154/nrf_802154/driver/libnrf-802154-driver.a(nrf_802154_core.c.obj)
                0x0000000001008ef8                nrf_802154_trx_receive_frame_started
 .text.nrf_802154_trx_receive_frame_bcmatched
                0x0000000001008f58      0x168 modules/nrfxlib/nrf_802154/nrf_802154/driver/libnrf-802154-driver.a(nrf_802154_core.c.obj)
                0x0000000001008f58                nrf_802154_trx_receive_frame_bcmatched
 .text.nrf_802154_trx_receive_frame_crcerror
                0x00000000010090c0       0x4c modules/nrfxlib/nrf_802154/nrf_802154/driver/libnrf-802154-driver.a(nrf_802154_core.c.obj)
                0x00000000010090c0                nrf_802154_trx_receive_frame_crcerror
 .text.nrf_802154_trx_receive_frame_received
                0x000000000100910c      0x1c8 modules/nrfxlib/nrf_802154/nrf_802154/driver/libnrf-802154-driver.a(nrf_802154_core.c.obj)
                0x000000000100910c                nrf_802154_trx_receive_frame_received
 .text.nrf_802154_trx_transmit_frame_started
                0x00000000010092d4       0x20 modules/nrfxlib/nrf_802154/nrf_802154/driver/libnrf-802154-driver.a(nrf_802154_core.c.obj)
                0x00000000010092d4                nrf_802154_trx_transmit_frame_started
 .text.nrf_802154_trx_transmit_ack_started
                0x00000000010092f4       0x18 modules/nrfxlib/nrf_802154/nrf_802154/driver/libnrf-802154-driver.a(nrf_802154_core.c.obj)
                0x00000000010092f4                nrf_802154_trx_transmit_ack_started
 .text.nrf_802154_trx_transmit_ack_transmitted
                0x000000000100930c       0x28 modules/nrfxlib/nrf_802154/nrf_802154/driver/libnrf-802154-driver.a(nrf_802154_core.c.obj)
                0x000000000100930c                nrf_802154_trx_transmit_ack_transmitted
 .text.nrf_802154_trx_transmit_frame_transmitted
                0x0000000001009334       0xb8 modules/nrfxlib/nrf_802154/nrf_802154/driver/libnrf-802154-driver.a(nrf_802154_core.c.obj)
                0x0000000001009334                nrf_802154_trx_transmit_frame_transmitted
 .text.nrf_802154_trx_receive_ack_received
                0x00000000010093ec      0x100 modules/nrfxlib/nrf_802154/nrf_802154/driver/libnrf-802154-driver.a(nrf_802154_core.c.obj)
                0x00000000010093ec                nrf_802154_trx_receive_ack_received
 .text.nrf_802154_trx_transmit_frame_ccaidle
                0x00000000010094ec       0x48 modules/nrfxlib/nrf_802154/nrf_802154/driver/libnrf-802154-driver.a(nrf_802154_core.c.obj)
                0x00000000010094ec                nrf_802154_trx_transmit_frame_ccaidle
 .text.nrf_802154_trx_transmit_frame_ccabusy
                0x0000000001009534       0x4c modules/nrfxlib/nrf_802154/nrf_802154/driver/libnrf-802154-driver.a(nrf_802154_core.c.obj)
                0x0000000001009534                nrf_802154_trx_transmit_frame_ccabusy
 .text.nrf_802154_trx_energy_detection_finished
                0x0000000001009580       0x8c modules/nrfxlib/nrf_802154/nrf_802154/driver/libnrf-802154-driver.a(nrf_802154_core.c.obj)
                0x0000000001009580                nrf_802154_trx_energy_detection_finished
 .text.nrf_802154_core_init
                0x000000000100960c       0x34 modules/nrfxlib/nrf_802154/nrf_802154/driver/libnrf-802154-driver.a(nrf_802154_core.c.obj)
                0x000000000100960c                nrf_802154_core_init
 .text.nrf_802154_core_sleep
                0x0000000001009640       0x58 modules/nrfxlib/nrf_802154/nrf_802154/driver/libnrf-802154-driver.a(nrf_802154_core.c.obj)
                0x0000000001009640                nrf_802154_core_sleep
 .text.nrf_802154_core_receive
                0x0000000001009698       0x54 modules/nrfxlib/nrf_802154/nrf_802154/driver/libnrf-802154-driver.a(nrf_802154_core.c.obj)
                0x0000000001009698                nrf_802154_core_receive
 .text.nrf_802154_core_transmit
                0x00000000010096ec      0x100 modules/nrfxlib/nrf_802154/nrf_802154/driver/libnrf-802154-driver.a(nrf_802154_core.c.obj)
                0x00000000010096ec                nrf_802154_core_transmit
 .text.nrf_802154_core_ack_timeout_handle
                0x00000000010097ec       0x5c modules/nrfxlib/nrf_802154/nrf_802154/driver/libnrf-802154-driver.a(nrf_802154_core.c.obj)
                0x00000000010097ec                nrf_802154_core_ack_timeout_handle
 .text.nrf_802154_core_energy_detection
                0x0000000001009848       0x48 modules/nrfxlib/nrf_802154/nrf_802154/driver/libnrf-802154-driver.a(nrf_802154_core.c.obj)
                0x0000000001009848                nrf_802154_core_energy_detection
 .text.nrf_802154_core_notify_buffer_free
                0x0000000001009890       0x38 modules/nrfxlib/nrf_802154/nrf_802154/driver/libnrf-802154-driver.a(nrf_802154_core.c.obj)
                0x0000000001009890                nrf_802154_core_notify_buffer_free
 .text.nrf_802154_core_channel_update
                0x00000000010098c8       0x48 modules/nrfxlib/nrf_802154/nrf_802154/driver/libnrf-802154-driver.a(nrf_802154_core.c.obj)
                0x00000000010098c8                nrf_802154_core_channel_update
 .text.nrf_802154_core_cca_cfg_update
                0x0000000001009910       0x20 modules/nrfxlib/nrf_802154/nrf_802154/driver/libnrf-802154-driver.a(nrf_802154_core.c.obj)
                0x0000000001009910                nrf_802154_core_cca_cfg_update
 .text.nrf_802154_core_rssi_measure
                0x0000000001009930       0x38 modules/nrfxlib/nrf_802154/nrf_802154/driver/libnrf-802154-driver.a(nrf_802154_core.c.obj)
                0x0000000001009930                nrf_802154_core_rssi_measure
 .text.nrf_802154_core_last_rssi_measurement_get
                0x0000000001009968       0x44 modules/nrfxlib/nrf_802154/nrf_802154/driver/libnrf-802154-driver.a(nrf_802154_core.c.obj)
                0x0000000001009968                nrf_802154_core_last_rssi_measurement_get
 .text.nrf_802154_core_antenna_update
                0x00000000010099ac       0x20 modules/nrfxlib/nrf_802154/nrf_802154/driver/libnrf-802154-driver.a(nrf_802154_core.c.obj)
                0x00000000010099ac                nrf_802154_core_antenna_update
 .text.nrf_802154_core_hooks_terminate
                0x00000000010099cc       0x28 modules/nrfxlib/nrf_802154/nrf_802154/driver/libnrf-802154-driver.a(nrf_802154_core_hooks.c.obj)
                0x00000000010099cc                nrf_802154_core_hooks_terminate
 .text.nrf_802154_core_hooks_tx_failed
                0x00000000010099f4       0x28 modules/nrfxlib/nrf_802154/nrf_802154/driver/libnrf-802154-driver.a(nrf_802154_core_hooks.c.obj)
                0x00000000010099f4                nrf_802154_core_hooks_tx_failed
 .text.nrf_802154_core_hooks_tx_started
                0x0000000001009a1c       0x24 modules/nrfxlib/nrf_802154/nrf_802154/driver/libnrf-802154-driver.a(nrf_802154_core_hooks.c.obj)
                0x0000000001009a1c                nrf_802154_core_hooks_tx_started
 .text.nrf_802154_critical_section_init
                0x0000000001009a40       0x18 modules/nrfxlib/nrf_802154/nrf_802154/driver/libnrf-802154-driver.a(nrf_802154_critical_section.c.obj)
                0x0000000001009a40                nrf_802154_critical_section_init
 .text.nrf_802154_critical_section_exit
                0x0000000001009a58       0x44 modules/nrfxlib/nrf_802154/nrf_802154/driver/libnrf-802154-driver.a(nrf_802154_critical_section.c.obj)
                0x0000000001009a58                nrf_802154_critical_section_exit
 .text.nrf_802154_critical_section_nesting_deny
                0x0000000001009a9c        0xc modules/nrfxlib/nrf_802154/nrf_802154/driver/libnrf-802154-driver.a(nrf_802154_critical_section.c.obj)
                0x0000000001009a9c                nrf_802154_critical_section_nesting_deny
 .text.nrf_802154_critical_section_active_vector_priority_get
                0x0000000001009aa8       0x3c modules/nrfxlib/nrf_802154/nrf_802154/driver/libnrf-802154-driver.a(nrf_802154_critical_section.c.obj)
                0x0000000001009aa8                nrf_802154_critical_section_active_vector_priority_get
 .text.critical_section_enter
                0x0000000001009ae4       0x60 modules/nrfxlib/nrf_802154/nrf_802154/driver/libnrf-802154-driver.a(nrf_802154_critical_section.c.obj)
 .text.nrf_802154_critical_section_nesting_allow
                0x0000000001009b44       0x18 modules/nrfxlib/nrf_802154/nrf_802154/driver/libnrf-802154-driver.a(nrf_802154_critical_section.c.obj)
                0x0000000001009b44                nrf_802154_critical_section_nesting_allow
 .text.nrf_802154_pib_init
                0x0000000001009b5c       0x54 modules/nrfxlib/nrf_802154/nrf_802154/driver/libnrf-802154-driver.a(nrf_802154_pib.c.obj)
                0x0000000001009b5c                nrf_802154_pib_init
 .text.nrf_802154_pib_promiscuous_get
                0x0000000001009bb0       0x10 modules/nrfxlib/nrf_802154/nrf_802154/driver/libnrf-802154-driver.a(nrf_802154_pib.c.obj)
                0x0000000001009bb0                nrf_802154_pib_promiscuous_get
 .text.nrf_802154_pib_promiscuous_set
                0x0000000001009bc0       0x10 modules/nrfxlib/nrf_802154/nrf_802154/driver/libnrf-802154-driver.a(nrf_802154_pib.c.obj)
                0x0000000001009bc0                nrf_802154_pib_promiscuous_set
 .text.nrf_802154_pib_auto_ack_get
                0x0000000001009bd0       0x10 modules/nrfxlib/nrf_802154/nrf_802154/driver/libnrf-802154-driver.a(nrf_802154_pib.c.obj)
                0x0000000001009bd0                nrf_802154_pib_auto_ack_get
 .text.nrf_802154_pib_pan_coord_get
                0x0000000001009be0       0x10 modules/nrfxlib/nrf_802154/nrf_802154/driver/libnrf-802154-driver.a(nrf_802154_pib.c.obj)
                0x0000000001009be0                nrf_802154_pib_pan_coord_get
 .text.nrf_802154_pib_pan_coord_set
                0x0000000001009bf0       0x10 modules/nrfxlib/nrf_802154/nrf_802154/driver/libnrf-802154-driver.a(nrf_802154_pib.c.obj)
                0x0000000001009bf0                nrf_802154_pib_pan_coord_set
 .text.nrf_802154_pib_channel_get
                0x0000000001009c00        0xc modules/nrfxlib/nrf_802154/nrf_802154/driver/libnrf-802154-driver.a(nrf_802154_pib.c.obj)
                0x0000000001009c00                nrf_802154_pib_channel_get
 .text.nrf_802154_pib_channel_set
                0x0000000001009c0c       0x10 modules/nrfxlib/nrf_802154/nrf_802154/driver/libnrf-802154-driver.a(nrf_802154_pib.c.obj)
                0x0000000001009c0c                nrf_802154_pib_channel_set
 .text.nrf_802154_pib_tx_power_get
                0x0000000001009c1c        0xc modules/nrfxlib/nrf_802154/nrf_802154/driver/libnrf-802154-driver.a(nrf_802154_pib.c.obj)
                0x0000000001009c1c                nrf_802154_pib_tx_power_get
 .text.nrf_802154_pib_tx_power_set
                0x0000000001009c28        0xc modules/nrfxlib/nrf_802154/nrf_802154/driver/libnrf-802154-driver.a(nrf_802154_pib.c.obj)
                0x0000000001009c28                nrf_802154_pib_tx_power_set
 .text.nrf_802154_pib_pan_id_get
                0x0000000001009c34        0x8 modules/nrfxlib/nrf_802154/nrf_802154/driver/libnrf-802154-driver.a(nrf_802154_pib.c.obj)
                0x0000000001009c34                nrf_802154_pib_pan_id_get
 .text.nrf_802154_pib_pan_id_set
                0x0000000001009c3c       0x10 modules/nrfxlib/nrf_802154/nrf_802154/driver/libnrf-802154-driver.a(nrf_802154_pib.c.obj)
                0x0000000001009c3c                nrf_802154_pib_pan_id_set
 .text.nrf_802154_pib_extended_address_get
                0x0000000001009c4c        0x8 modules/nrfxlib/nrf_802154/nrf_802154/driver/libnrf-802154-driver.a(nrf_802154_pib.c.obj)
                0x0000000001009c4c                nrf_802154_pib_extended_address_get
 .text.nrf_802154_pib_extended_address_set
                0x0000000001009c54       0x10 modules/nrfxlib/nrf_802154/nrf_802154/driver/libnrf-802154-driver.a(nrf_802154_pib.c.obj)
                0x0000000001009c54                nrf_802154_pib_extended_address_set
 .text.nrf_802154_pib_short_address_get
                0x0000000001009c64        0x8 modules/nrfxlib/nrf_802154/nrf_802154/driver/libnrf-802154-driver.a(nrf_802154_pib.c.obj)
                0x0000000001009c64                nrf_802154_pib_short_address_get
 .text.nrf_802154_pib_short_address_set
                0x0000000001009c6c       0x10 modules/nrfxlib/nrf_802154/nrf_802154/driver/libnrf-802154-driver.a(nrf_802154_pib.c.obj)
                0x0000000001009c6c                nrf_802154_pib_short_address_set
 .text.nrf_802154_pib_cca_cfg_set
                0x0000000001009c7c       0x3c modules/nrfxlib/nrf_802154/nrf_802154/driver/libnrf-802154-driver.a(nrf_802154_pib.c.obj)
                0x0000000001009c7c                nrf_802154_pib_cca_cfg_set
 .text.nrf_802154_pib_cca_cfg_get
                0x0000000001009cb8        0xc modules/nrfxlib/nrf_802154/nrf_802154/driver/libnrf-802154-driver.a(nrf_802154_pib.c.obj)
                0x0000000001009cb8                nrf_802154_pib_cca_cfg_get
 .text.nrf_802154_pib_coex_rx_request_mode_get
                0x0000000001009cc4        0xc modules/nrfxlib/nrf_802154/nrf_802154/driver/libnrf-802154-driver.a(nrf_802154_pib.c.obj)
                0x0000000001009cc4                nrf_802154_pib_coex_rx_request_mode_get
 .text.nrf_802154_pib_coex_tx_request_mode_get
                0x0000000001009cd0        0xc modules/nrfxlib/nrf_802154/nrf_802154/driver/libnrf-802154-driver.a(nrf_802154_pib.c.obj)
                0x0000000001009cd0                nrf_802154_pib_coex_tx_request_mode_get
 .text.nrf_802154_pib_csmaca_min_be_set
                0x0000000001009cdc       0x14 modules/nrfxlib/nrf_802154/nrf_802154/driver/libnrf-802154-driver.a(nrf_802154_pib.c.obj)
                0x0000000001009cdc                nrf_802154_pib_csmaca_min_be_set
 .text.nrf_802154_pib_csmaca_min_be_get
                0x0000000001009cf0        0xc modules/nrfxlib/nrf_802154/nrf_802154/driver/libnrf-802154-driver.a(nrf_802154_pib.c.obj)
                0x0000000001009cf0                nrf_802154_pib_csmaca_min_be_get
 .text.nrf_802154_pib_csmaca_max_be_set
                0x0000000001009cfc       0x14 modules/nrfxlib/nrf_802154/nrf_802154/driver/libnrf-802154-driver.a(nrf_802154_pib.c.obj)
                0x0000000001009cfc                nrf_802154_pib_csmaca_max_be_set
 .text.nrf_802154_pib_csmaca_max_be_get
                0x0000000001009d10        0xc modules/nrfxlib/nrf_802154/nrf_802154/driver/libnrf-802154-driver.a(nrf_802154_pib.c.obj)
                0x0000000001009d10                nrf_802154_pib_csmaca_max_be_get
 .text.nrf_802154_pib_csmaca_max_backoffs_set
                0x0000000001009d1c        0xc modules/nrfxlib/nrf_802154/nrf_802154/driver/libnrf-802154-driver.a(nrf_802154_pib.c.obj)
                0x0000000001009d1c                nrf_802154_pib_csmaca_max_backoffs_set
 .text.nrf_802154_pib_csmaca_max_backoffs_get
                0x0000000001009d28        0xc modules/nrfxlib/nrf_802154/nrf_802154/driver/libnrf-802154-driver.a(nrf_802154_pib.c.obj)
                0x0000000001009d28                nrf_802154_pib_csmaca_max_backoffs_get
 .text.nrf_802154_pib_ifs_mode_get
                0x0000000001009d34        0xc modules/nrfxlib/nrf_802154/nrf_802154/driver/libnrf-802154-driver.a(nrf_802154_pib.c.obj)
                0x0000000001009d34                nrf_802154_pib_ifs_mode_get
 .text.nrf_802154_pib_ifs_mode_set
                0x0000000001009d40       0x14 modules/nrfxlib/nrf_802154/nrf_802154/driver/libnrf-802154-driver.a(nrf_802154_pib.c.obj)
                0x0000000001009d40                nrf_802154_pib_ifs_mode_set
 .text.nrf_802154_pib_ifs_min_sifs_period_get
                0x0000000001009d54        0xc modules/nrfxlib/nrf_802154/nrf_802154/driver/libnrf-802154-driver.a(nrf_802154_pib.c.obj)
                0x0000000001009d54                nrf_802154_pib_ifs_min_sifs_period_get
 .text.nrf_802154_pib_ifs_min_sifs_period_set
                0x0000000001009d60        0xc modules/nrfxlib/nrf_802154/nrf_802154/driver/libnrf-802154-driver.a(nrf_802154_pib.c.obj)
                0x0000000001009d60                nrf_802154_pib_ifs_min_sifs_period_set
 .text.nrf_802154_pib_ifs_min_lifs_period_get
                0x0000000001009d6c        0xc modules/nrfxlib/nrf_802154/nrf_802154/driver/libnrf-802154-driver.a(nrf_802154_pib.c.obj)
                0x0000000001009d6c                nrf_802154_pib_ifs_min_lifs_period_get
 .text.nrf_802154_pib_ifs_min_lifs_period_set
                0x0000000001009d78        0xc modules/nrfxlib/nrf_802154/nrf_802154/driver/libnrf-802154-driver.a(nrf_802154_pib.c.obj)
                0x0000000001009d78                nrf_802154_pib_ifs_min_lifs_period_set
 .text.nrf_802154_rssi_sample_temp_corr_value_get
                0x0000000001009d84       0x58 modules/nrfxlib/nrf_802154/nrf_802154/driver/libnrf-802154-driver.a(nrf_802154_rssi.c.obj)
                0x0000000001009d84                nrf_802154_rssi_sample_temp_corr_value_get
 .text.nrf_802154_rx_buffer_init
                0x0000000001009ddc       0x1c modules/nrfxlib/nrf_802154/nrf_802154/driver/libnrf-802154-driver.a(nrf_802154_rx_buffer.c.obj)
                0x0000000001009ddc                nrf_802154_rx_buffer_init
 .text.nrf_802154_rx_buffer_free_find
                0x0000000001009df8       0x24 modules/nrfxlib/nrf_802154/nrf_802154/driver/libnrf-802154-driver.a(nrf_802154_rx_buffer.c.obj)
                0x0000000001009df8                nrf_802154_rx_buffer_free_find
 .text.nrf_802154_stat_timestamps_get
                0x0000000001009e1c       0x1c modules/nrfxlib/nrf_802154/nrf_802154/driver/libnrf-802154-driver.a(nrf_802154_stats.c.obj)
                0x0000000001009e1c                nrf_802154_stat_timestamps_get
 .text.nrf_802154_swi_init
                0x0000000001009e38       0x28 modules/nrfxlib/nrf_802154/nrf_802154/driver/libnrf-802154-driver.a(nrf_802154_swi.c.obj)
                0x0000000001009e38                nrf_802154_swi_init
 .text.fem_for_lna_reset
                0x0000000001009e60       0x24 modules/nrfxlib/nrf_802154/nrf_802154/driver/libnrf-802154-driver.a(nrf_802154_trx.c.obj)
 .text.standalone_cca_finish
                0x0000000001009e84       0x2c modules/nrfxlib/nrf_802154/nrf_802154/driver/libnrf-802154-driver.a(nrf_802154_trx.c.obj)
 .text.energy_detection_finish
                0x0000000001009eb0       0x2c modules/nrfxlib/nrf_802154/nrf_802154/driver/libnrf-802154-driver.a(nrf_802154_trx.c.obj)
 .text.fem_for_tx_reset
                0x0000000001009edc       0x2c modules/nrfxlib/nrf_802154/nrf_802154/driver/libnrf-802154-driver.a(nrf_802154_trx.c.obj)
 .text.txframe_finish
                0x0000000001009f08       0x38 modules/nrfxlib/nrf_802154/nrf_802154/driver/libnrf-802154-driver.a(nrf_802154_trx.c.obj)
 .text.rxframe_finish
                0x0000000001009f40       0x5c modules/nrfxlib/nrf_802154/nrf_802154/driver/libnrf-802154-driver.a(nrf_802154_trx.c.obj)
 .text.trigger_disable_to_start_rampup
                0x0000000001009f9c       0x1c modules/nrfxlib/nrf_802154/nrf_802154/driver/libnrf-802154-driver.a(nrf_802154_trx.c.obj)
 .text.fem_for_lna_set
                0x0000000001009fb8       0x2c modules/nrfxlib/nrf_802154/nrf_802154/driver/libnrf-802154-driver.a(nrf_802154_trx.c.obj)
 .text.cca_configuration_update
                0x0000000001009fe4       0x38 modules/nrfxlib/nrf_802154/nrf_802154/driver/libnrf-802154-driver.a(nrf_802154_trx.c.obj)
 .text.channel_set
                0x000000000100a01c       0x28 modules/nrfxlib/nrf_802154/nrf_802154/driver/libnrf-802154-driver.a(nrf_802154_trx.c.obj)
 .text.rxack_finish
                0x000000000100a044       0x48 modules/nrfxlib/nrf_802154/nrf_802154/driver/libnrf-802154-driver.a(nrf_802154_trx.c.obj)